nohup: ignoring input
[train] preset=A (deeplabv3p_r50_512)
[train] device=cuda  torch=2.6.0+cu124  smp=0.5.0
[train] cfg: encoder=resnet50 img=512 bs=4 grad_accum=1 epochs=10 lr=0.0005
[train] sizes: train=1200 val=150 test=150
[train] raw pixel frequency: {'background': 0.952165391031901, 'crack': 0.03423014119466146, 'spalling': 0.0136044677734375}
[train] clipped weights    : {'background': 0.25, 'crack': 1.080772481700143, 'spalling': 1.7143055384148256}
[train] using AUTO CE weights
[train] running OOM probe ...
[train] OOM probe OK
[train] viz samples (6):
    Hard/H (99).jpg
    Hard/H (365).jpg
    Medium/M (127).jpg
    Medium/M (422).jpg
    Hard/H (431).jpg
    Hard/H (476).jpg
  [epoch 1/10] batch 30/300 (10%) loss=0.8149 elapsed=4s eta=32s
  [epoch 1/10] batch 60/300 (20%) loss=0.6940 elapsed=6s eta=26s
  [epoch 1/10] batch 90/300 (30%) loss=0.6300 elapsed=9s eta=22s
  [epoch 1/10] batch 120/300 (40%) loss=0.5962 elapsed=12s eta=18s
  [epoch 1/10] batch 150/300 (50%) loss=0.5769 elapsed=15s eta=15s
  [epoch 1/10] batch 180/300 (60%) loss=0.5614 elapsed=18s eta=12s
  [epoch 1/10] batch 210/300 (70%) loss=0.5401 elapsed=21s eta=9s
  [epoch 1/10] batch 240/300 (80%) loss=0.5284 elapsed=24s eta=6s
  [epoch 1/10] batch 270/300 (90%) loss=0.5221 elapsed=26s eta=3s
  [epoch 1/10] batch 300/300 (100%) loss=0.5109 elapsed=29s eta=0s
  [train] label px frac: bg=0.9521 crack=0.0343 spalling=0.0136
[epoch 001/10] remain=9 epochs ep_eta=5.6min (avg 37s/ep)
[epoch 001/10] lr=0.000488  dt=37.4s
  train loss=0.5109
  val   loss=0.4671
  IoU   bg=0.9216  crack=0.4023  spalling=0.1864  | mIoU_fg=0.2943  pix_acc=0.9212
  Dice  bg=0.9592  crack=0.5738  spalling=0.3142
  BF1   crack=0.5118  spalling=0.1365  | BF1_fg_mean=0.3242
  [best] mIoU_fg=0.2943  saved -> best.pt
  [epoch 2/10] batch 30/300 (10%) loss=0.4185 elapsed=3s eta=30s
  [epoch 2/10] batch 60/300 (20%) loss=0.4328 elapsed=6s eta=24s
  [epoch 2/10] batch 90/300 (30%) loss=0.4286 elapsed=9s eta=21s
  [epoch 2/10] batch 120/300 (40%) loss=0.4141 elapsed=12s eta=17s
  [epoch 2/10] batch 150/300 (50%) loss=0.4189 elapsed=14s eta=14s
  [epoch 2/10] batch 180/300 (60%) loss=0.4186 elapsed=17s eta=11s
  [epoch 2/10] batch 210/300 (70%) loss=0.4208 elapsed=20s eta=9s
  [epoch 2/10] batch 240/300 (80%) loss=0.4190 elapsed=23s eta=6s
  [epoch 2/10] batch 270/300 (90%) loss=0.4202 elapsed=25s eta=3s
  [epoch 2/10] batch 300/300 (100%) loss=0.4200 elapsed=28s eta=0s
  [train] label px frac: bg=0.9521 crack=0.0343 spalling=0.0136
[epoch 002/10] remain=8 epochs ep_eta=5.1min (avg 38s/ep)
[epoch 002/10] lr=0.000452  dt=35.9s
  train loss=0.4200
  val   loss=0.4033
  IoU   bg=0.9513  crack=0.4276  spalling=0.3469  | mIoU_fg=0.3872  pix_acc=0.9518
  Dice  bg=0.9751  crack=0.5990  spalling=0.5151
  BF1   crack=0.5385  spalling=0.2111  | BF1_fg_mean=0.3748
  [best] mIoU_fg=0.3872  saved -> best.pt
  [epoch 3/10] batch 30/300 (10%) loss=0.3771 elapsed=3s eta=30s
  [epoch 3/10] batch 60/300 (20%) loss=0.3914 elapsed=6s eta=25s
  [epoch 3/10] batch 90/300 (30%) loss=0.4070 elapsed=9s eta=21s
  [epoch 3/10] batch 120/300 (40%) loss=0.3990 elapsed=12s eta=18s
  [epoch 3/10] batch 150/300 (50%) loss=0.3926 elapsed=15s eta=15s
  [epoch 3/10] batch 180/300 (60%) loss=0.3962 elapsed=18s eta=12s
  [epoch 3/10] batch 210/300 (70%) loss=0.3947 elapsed=21s eta=9s
  [epoch 3/10] batch 240/300 (80%) loss=0.3901 elapsed=23s eta=6s
  [epoch 3/10] batch 270/300 (90%) loss=0.3912 elapsed=26s eta=3s
  [epoch 3/10] batch 300/300 (100%) loss=0.3906 elapsed=29s eta=0s
  [train] label px frac: bg=0.9521 crack=0.0343 spalling=0.0136
[epoch 003/10] remain=7 epochs ep_eta=4.5min (avg 39s/ep)
[epoch 003/10] lr=0.000397  dt=36.7s
  train loss=0.3906
  val   loss=0.3560
  IoU   bg=0.9599  crack=0.4543  spalling=0.4895  | mIoU_fg=0.4719  pix_acc=0.9605
  Dice  bg=0.9795  crack=0.6248  spalling=0.6573
  BF1   crack=0.5834  spalling=0.2348  | BF1_fg_mean=0.4091
  [best] mIoU_fg=0.4719  saved -> best.pt
  [epoch 4/10] batch 30/300 (10%) loss=0.3463 elapsed=3s eta=30s
  [epoch 4/10] batch 60/300 (20%) loss=0.3513 elapsed=6s eta=25s
  [epoch 4/10] batch 90/300 (30%) loss=0.3645 elapsed=9s eta=21s
  [epoch 4/10] batch 120/300 (40%) loss=0.3645 elapsed=12s eta=18s
  [epoch 4/10] batch 150/300 (50%) loss=0.3763 elapsed=15s eta=15s
  [epoch 4/10] batch 180/300 (60%) loss=0.3765 elapsed=18s eta=12s
  [epoch 4/10] batch 210/300 (70%) loss=0.3787 elapsed=21s eta=9s
  [epoch 4/10] batch 240/300 (80%) loss=0.3718 elapsed=24s eta=6s
  [epoch 4/10] batch 270/300 (90%) loss=0.3696 elapsed=26s eta=3s
  [epoch 4/10] batch 300/300 (100%) loss=0.3699 elapsed=29s eta=0s
  [train] label px frac: bg=0.9521 crack=0.0343 spalling=0.0136
[epoch 004/10] remain=6 epochs ep_eta=3.9min (avg 39s/ep)
[epoch 004/10] lr=0.000327  dt=36.9s
  train loss=0.3699
  val   loss=0.3478
  IoU   bg=0.9566  crack=0.4552  spalling=0.4358  | mIoU_fg=0.4455  pix_acc=0.9569
  Dice  bg=0.9778  crack=0.6256  spalling=0.6070
  BF1   crack=0.5840  spalling=0.2698  | BF1_fg_mean=0.4269
  [epoch 5/10] batch 30/300 (10%) loss=0.3410 elapsed=3s eta=29s
  [epoch 5/10] batch 60/300 (20%) loss=0.3439 elapsed=6s eta=23s
  [epoch 5/10] batch 90/300 (30%) loss=0.3467 elapsed=9s eta=20s
  [epoch 5/10] batch 120/300 (40%) loss=0.3360 elapsed=11s eta=17s
  [epoch 5/10] batch 150/300 (50%) loss=0.3344 elapsed=14s eta=14s
  [epoch 5/10] batch 180/300 (60%) loss=0.3514 elapsed=17s eta=11s
  [epoch 5/10] batch 210/300 (70%) loss=0.3531 elapsed=20s eta=9s
  [epoch 5/10] batch 240/300 (80%) loss=0.3554 elapsed=23s eta=6s
  [epoch 5/10] batch 270/300 (90%) loss=0.3531 elapsed=26s eta=3s
  [epoch 5/10] batch 300/300 (100%) loss=0.3515 elapsed=29s eta=0s
  [train] label px frac: bg=0.9521 crack=0.0343 spalling=0.0136
[epoch 005/10] remain=5 epochs ep_eta=3.2min (avg 39s/ep)
[epoch 005/10] lr=0.000250  dt=35.9s
  train loss=0.3515
  val   loss=0.4076
  IoU   bg=0.9471  crack=0.4724  spalling=0.2467  | mIoU_fg=0.3596  pix_acc=0.9478
  Dice  bg=0.9729  crack=0.6417  spalling=0.3958
  BF1   crack=0.6059  spalling=0.2548  | BF1_fg_mean=0.4304
  [epoch 6/10] batch 30/300 (10%) loss=0.3458 elapsed=3s eta=31s
  [epoch 6/10] batch 60/300 (20%) loss=0.3349 elapsed=6s eta=26s
  [epoch 6/10] batch 90/300 (30%) loss=0.3357 elapsed=9s eta=22s
  [epoch 6/10] batch 120/300 (40%) loss=0.3328 elapsed=12s eta=19s
  [epoch 6/10] batch 150/300 (50%) loss=0.3403 elapsed=15s eta=15s
  [epoch 6/10] batch 180/300 (60%) loss=0.3445 elapsed=18s eta=12s
  [epoch 6/10] batch 210/300 (70%) loss=0.3430 elapsed=21s eta=9s
  [epoch 6/10] batch 240/300 (80%) loss=0.3378 elapsed=24s eta=6s
  [epoch 6/10] batch 270/300 (90%) loss=0.3357 elapsed=27s eta=3s
  [epoch 6/10] batch 300/300 (100%) loss=0.3366 elapsed=30s eta=0s
  [train] label px frac: bg=0.9521 crack=0.0343 spalling=0.0136
[epoch 006/10] remain=4 epochs ep_eta=2.6min (avg 39s/ep)
[epoch 006/10] lr=0.000173  dt=38.3s
  train loss=0.3366
  val   loss=0.3233
  IoU   bg=0.9595  crack=0.4863  spalling=0.4679  | mIoU_fg=0.4771  pix_acc=0.9604
  Dice  bg=0.9793  crack=0.6544  spalling=0.6375
  BF1   crack=0.6105  spalling=0.2431  | BF1_fg_mean=0.4268
  [best] mIoU_fg=0.4771  saved -> best.pt
  [epoch 7/10] batch 30/300 (10%) loss=0.3589 elapsed=3s eta=30s
  [epoch 7/10] batch 60/300 (20%) loss=0.3358 elapsed=6s eta=25s
  [epoch 7/10] batch 90/300 (30%) loss=0.3321 elapsed=9s eta=22s
  [epoch 7/10] batch 120/300 (40%) loss=0.3228 elapsed=12s eta=19s
  [epoch 7/10] batch 150/300 (50%) loss=0.3249 elapsed=15s eta=15s
  [epoch 7/10] batch 180/300 (60%) loss=0.3210 elapsed=18s eta=12s
  [epoch 7/10] batch 210/300 (70%) loss=0.3183 elapsed=22s eta=9s
  [epoch 7/10] batch 240/300 (80%) loss=0.3171 elapsed=25s eta=6s
  [epoch 7/10] batch 270/300 (90%) loss=0.3166 elapsed=28s eta=3s
  [epoch 7/10] batch 300/300 (100%) loss=0.3199 elapsed=30s eta=0s
  [train] label px frac: bg=0.9521 crack=0.0343 spalling=0.0136
[epoch 007/10] remain=3 epochs ep_eta=2.0min (avg 40s/ep)
[epoch 007/10] lr=0.000103  dt=38.3s
  train loss=0.3199
  val   loss=0.3161
  IoU   bg=0.9631  crack=0.5001  spalling=0.5113  | mIoU_fg=0.5057  pix_acc=0.9641
  Dice  bg=0.9812  crack=0.6668  spalling=0.6766
  BF1   crack=0.6308  spalling=0.2752  | BF1_fg_mean=0.4530
  [best] mIoU_fg=0.5057  saved -> best.pt
  [epoch 8/10] batch 30/300 (10%) loss=0.3176 elapsed=3s eta=31s
  [epoch 8/10] batch 60/300 (20%) loss=0.3126 elapsed=6s eta=26s
  [epoch 8/10] batch 90/300 (30%) loss=0.3109 elapsed=9s eta=22s
  [epoch 8/10] batch 120/300 (40%) loss=0.3125 elapsed=12s eta=19s
  [epoch 8/10] batch 150/300 (50%) loss=0.3063 elapsed=15s eta=15s
  [epoch 8/10] batch 180/300 (60%) loss=0.3038 elapsed=18s eta=12s
  [epoch 8/10] batch 210/300 (70%) loss=0.3043 elapsed=21s eta=9s
  [epoch 8/10] batch 240/300 (80%) loss=0.3049 elapsed=24s eta=6s
  [epoch 8/10] batch 270/300 (90%) loss=0.3135 elapsed=27s eta=3s
  [epoch 8/10] batch 300/300 (100%) loss=0.3108 elapsed=30s eta=0s
  [train] label px frac: bg=0.9521 crack=0.0343 spalling=0.0136
[epoch 008/10] remain=2 epochs ep_eta=1.3min (avg 40s/ep)
[epoch 008/10] lr=0.000048  dt=38.1s
  train loss=0.3108
  val   loss=0.3083
  IoU   bg=0.9660  crack=0.5113  spalling=0.5267  | mIoU_fg=0.5190  pix_acc=0.9668
  Dice  bg=0.9827  crack=0.6767  spalling=0.6900
  BF1   crack=0.6532  spalling=0.3434  | BF1_fg_mean=0.4983
  [best] mIoU_fg=0.5190  saved -> best.pt
  [epoch 9/10] batch 30/300 (10%) loss=0.3220 elapsed=4s eta=32s
  [epoch 9/10] batch 60/300 (20%) loss=0.3046 elapsed=7s eta=27s
  [epoch 9/10] batch 90/300 (30%) loss=0.3026 elapsed=10s eta=23s
  [epoch 9/10] batch 120/300 (40%) loss=0.2986 elapsed=13s eta=19s
  [epoch 9/10] batch 150/300 (50%) loss=0.2904 elapsed=16s eta=16s
  [epoch 9/10] batch 180/300 (60%) loss=0.2872 elapsed=19s eta=12s
  [epoch 9/10] batch 210/300 (70%) loss=0.2862 elapsed=22s eta=9s
  [epoch 9/10] batch 240/300 (80%) loss=0.2920 elapsed=25s eta=6s
  [epoch 9/10] batch 270/300 (90%) loss=0.2939 elapsed=28s eta=3s
  [epoch 9/10] batch 300/300 (100%) loss=0.2904 elapsed=31s eta=0s
  [train] label px frac: bg=0.9521 crack=0.0343 spalling=0.0136
[epoch 009/10] remain=1 epochs ep_eta=0.7min (avg 40s/ep)
[epoch 009/10] lr=0.000012  dt=38.7s
  train loss=0.2904
  val   loss=0.3014
  IoU   bg=0.9644  crack=0.5083  spalling=0.5268  | mIoU_fg=0.5175  pix_acc=0.9652
  Dice  bg=0.9819  crack=0.6740  spalling=0.6900
  BF1   crack=0.6446  spalling=0.3311  | BF1_fg_mean=0.4878
  [epoch 10/10] batch 30/300 (10%) loss=0.3024 elapsed=3s eta=31s
  [epoch 10/10] batch 60/300 (20%) loss=0.3006 elapsed=6s eta=25s
  [epoch 10/10] batch 90/300 (30%) loss=0.3056 elapsed=9s eta=22s
  [epoch 10/10] batch 120/300 (40%) loss=0.2921 elapsed=12s eta=18s
  [epoch 10/10] batch 150/300 (50%) loss=0.2905 elapsed=15s eta=15s
  [epoch 10/10] batch 180/300 (60%) loss=0.2869 elapsed=18s eta=12s
  [epoch 10/10] batch 210/300 (70%) loss=0.2840 elapsed=21s eta=9s
  [epoch 10/10] batch 240/300 (80%) loss=0.2827 elapsed=24s eta=6s
  [epoch 10/10] batch 270/300 (90%) loss=0.2838 elapsed=27s eta=3s
  [epoch 10/10] batch 300/300 (100%) loss=0.2838 elapsed=30s eta=0s
  [train] label px frac: bg=0.9521 crack=0.0343 spalling=0.0136
[epoch 010/10] remain=0 epochs ep_eta=0.0min (avg 40s/ep)
[epoch 010/10] lr=0.000000  dt=38.4s
  train loss=0.2838
  val   loss=0.2978
  IoU   bg=0.9655  crack=0.5070  spalling=0.5547  | mIoU_fg=0.5309  pix_acc=0.9664
  Dice  bg=0.9824  crack=0.6729  spalling=0.7136
  BF1   crack=0.6439  spalling=0.3615  | BF1_fg_mean=0.5027
  [best] mIoU_fg=0.5309  saved -> best.pt

[train] final test eval using best checkpoint
IoU   bg=0.9643  crack=0.5025  spalling=0.5598  | mIoU_fg=0.5312  pix_acc=0.9651
Dice  bg=0.9818  crack=0.6689  spalling=0.7178
BF1   crack=0.6417  spalling=0.3315  | BF1_fg_mean=0.4866
[train] wrote /workspace/dam-segmentation-baselines/baseline_deeplab/runs/deeplabv3p_r50_512/test_report.txt
[train] wrote /workspace/dam-segmentation-baselines/baseline_deeplab/runs/deeplabv3p_r50_512/curves.png
