nohup: ignoring input
[train] preset=A (segformer_b2_plain_512)
[train] device=cuda  torch=2.6.0+cu124  transformers=4.57.6
[train] cfg: pretrained=nvidia/segformer-b2-finetuned-ade-512-512 img=512 bs=4 grad_accum=1 epochs=10 lr=6e-05 warmup=5 curriculum=none
[train] sizes: train=1200 val=150 test=150
[train] raw pixel frequency: {'background': 0.952165391031901, 'crack': 0.03423014119466146, 'spalling': 0.0136044677734375}
[train] clipped weights    : {'background': 0.25, 'crack': 1.080772481700143, 'spalling': 1.7143055384148256}
[train] using AUTO CE weights
Some weights of SegformerForSemanticSegmentation were not initialized from the model checkpoint at nvidia/segformer-b2-finetuned-ade-512-512 and are newly initialized because the shapes did not match:
- decode_head.classifier.weight: found shape torch.Size([150, 768, 1, 1]) in the checkpoint and torch.Size([3, 768, 1, 1]) in the model instantiated
- decode_head.classifier.bias: found shape torch.Size([150]) in the checkpoint and torch.Size([3]) in the model instantiated
You should probably TRAIN this model on a down-stream task to be able to use it for predictions and inference.
[train] running OOM probe ...
[train] OOM probe OK
[train] viz samples (6):
    Hard/H (99).jpg
    Hard/H (365).jpg
    Medium/M (127).jpg
    Medium/M (422).jpg
    Hard/H (431).jpg
    Hard/H (476).jpg
  [epoch 1/10] batch 30/300 (10%) loss=0.9913 elapsed=40s eta=356s
  [epoch 1/10] batch 60/300 (20%) loss=0.9884 elapsed=73s eta=292s
  [epoch 1/10] batch 90/300 (30%) loss=0.9877 elapsed=110s eta=257s
  [epoch 1/10] batch 120/300 (40%) loss=0.9863 elapsed=145s eta=218s
  [epoch 1/10] batch 150/300 (50%) loss=0.9849 elapsed=184s eta=184s
  [epoch 1/10] batch 180/300 (60%) loss=0.9841 elapsed=224s eta=150s
  [epoch 1/10] batch 210/300 (70%) loss=0.9841 elapsed=258s eta=111s
  [epoch 1/10] batch 240/300 (80%) loss=0.9831 elapsed=297s eta=74s
  [epoch 1/10] batch 270/300 (90%) loss=0.9816 elapsed=335s eta=37s
  [epoch 1/10] batch 300/300 (100%) loss=0.9807 elapsed=367s eta=0s
  [train] label px frac: bg=0.9521 crack=0.0343 spalling=0.0136
[epoch 001/10] remain=9 epochs ep_eta=59.9min (avg 399s/ep)
[epoch 001/10] lr=0.000012  dt=399.4s
  train loss=0.9807
  val   loss=0.9636
  IoU   b  [epoch 1/10] batch 180/300 (60%) loss=0.9841 elapsed=2815s eta=1876s
  [epoch 1/10] batch 210/300 (70%) loss=0.9839 elapsed=3264s eta=1399s
  [epoch 1/10] batch 240/300 (80%) loss=0.9828 elapsed=3728s eta=932s
  [epoch 1/10] batch 270/300 (90%) loss=0.9816 elapsed=4186s eta=465s
  [epoch 1/10] batch 300/300 (100%) loss=0.9808 elapsed=4644s eta=0s
  [train] label px frac: bg=0.9521 crack=0.0343 spalling=0.0136
[epoch 001/10] remain=9 epochs ep_eta=716.3min (avg 4775s/ep)
[epoch 001/10] lr=0.000012  dt=4775.3s
  train loss=0.9808
  val   loss=0.9651
  IoU   bg=0.7221  crack=0.0581  spalling=0.0180  | mIoU_fg=0.0381  pix_acc=0.7196
  Dice  bg=0.8387  crack=0.1099  spalling=0.0354
  BF1   crack=0.0977  spalling=0.0349  | BF1_fg_mean=0.0663
  [best] mIoU_fg=0.0381  saved -> best.pt
  [epoch 2/10] batch 30/300 (10%) loss=0.9529 elapsed=503s eta=4525s
  [epoch 2/10] batch 60/300 (20%) loss=0.9334 elapsed=981s eta=3922s
  [epoch 2/10] batch 90/300 (30%) loss=0.9165 elapsed=1439s eta=3358s
  [epoch 2/10] batch 120/300 (40%) loss=0.9001 elapsed=1901s eta=2851s
  [epoch 2/10] batch 150/300 (50%) loss=0.8852 elapsed=2350s eta=2350s
  [epoch 2/10] batch 180/300 (60%) loss=0.8688 elapsed=2804s eta=1869s
  [epoch 2/10] batch 210/300 (70%) loss=0.8534 elapsed=3257s eta=1396s
  [epoch 2/10] batch 240/300 (80%) loss=0.8372 elapsed=3702s eta=926s
  [epoch 2/10] batch 270/300 (90%) loss=0.8237 elapsed=4160s eta=462s
  [epoch 2/10] batch 300/300 (100%) loss=0.8103 elapsed=4610s eta=0s
  [train] label px frac: bg=0.9521 crack=0.0343 spalling=0.0136
[epoch 002/10] remain=8 epochs ep_eta=636.0min (avg 4770s/ep)
[epoch 002/10] lr=0.000024  dt=4747.2s
  train loss=0.8103
  val   loss=0.6559
  IoU   bg=0.9145  crack=0.3012  spalling=0.4254  | mIoU_fg=0.3633  pix_acc=0.9169
  Dice  bg=0.9553  crack=0.4629  spalling=0.5969
  BF1   crack=0.2286  spalling=0.1580  | BF1_fg_mean=0.1933
  [best] mIoU_fg=0.3633  saved -> best.pt
  [epoch 3/10] batch 30/300 (10%) loss=0.6574 elapsed=479s eta=4313s
  [epoch 3/10] batch 60/300 (20%) loss=0.6419 elapsed=933s eta=3730s
  [epoch 3/10] batch 90/300 (30%) loss=0.6289 elapsed=1385s eta=3232s
  [epoch 3/10] batch 120/300 (40%) loss=0.6102 elapsed=1846s eta=2768s
  [epoch 3/10] batch 150/300 (50%) loss=0.5972 elapsed=2305s eta=2305s
  [epoch 3/10] batch 180/300 (60%) loss=0.5865 elapsed=2766s eta=1844s
  [epoch 3/10] batch 210/300 (70%) loss=0.5775 elapsed=3224s eta=1382s
  [epoch 3/10] batch 240/300 (80%) loss=0.5701 elapsed=3678s eta=919s
  [epoch 3/10] batch 270/300 (90%) loss=0.5615 elapsed=4137s eta=460s
  [epoch 3/10] batch 300/300 (100%) loss=0.5518 elapsed=4594s eta=0s
  [train] label px frac: bg=0.9521 crack=0.0343 spalling=0.0136
[epoch 003/10] remain=7 epochs ep_eta=554.7min (avg 4754s/ep)
[epoch 003/10] lr=0.000036  dt=4718.5s
  train loss=0.5518
  val   loss=0.4357
  IoU   bg=0.9509  crack=0.4174  spalling=0.5820  | mIoU_fg=0.4997  pix_acc=0.9522
  Dice  bg=0.9748  crack=0.5890  spalling=0.7358
  BF1   crack=0.4553  spalling=0.2163  | BF1_fg_mean=0.3358
  [best] mIoU_fg=0.4997  saved -> best.pt
  [epoch 4/10] batch 30/300 (10%) loss=0.4497 elapsed=526s eta=4735s
  [epoch 4/10] batch 60/300 (20%) loss=0.4508 elapsed=1028s eta=4111s
  [epoch 4/10] batch 90/300 (30%) loss=0.4382 elapsed=1507s eta=3516s
  [epoch 4/10] batch 120/300 (40%) loss=0.4308 elapsed=1956s eta=2934s
  [epoch 4/10] batch 150/300 (50%) loss=0.4265 elapsed=2408s eta=2408s
  [epoch 4/10] batch 180/300 (60%) loss=0.4170 elapsed=2858s eta=1905s
  [epoch 4/10] batch 210/300 (70%) loss=0.4094 elapsed=3303s eta=1415s
  [epoch 4/10] batch 240/300 (80%) loss=0.4066 elapsed=3749s eta=937s
  [epoch 4/10] batch 270/300 (90%) loss=0.4018 elapsed=4191s eta=466s
  [epoch 4/10] batch 300/300 (100%) loss=0.3982 elapsed=4638s eta=0s
  [train] label px frac: bg=0.9521 crack=0.0343 spalling=0.0136
[epoch 004/10] remain=6 epochs ep_eta=476.0min (avg 4760s/ep)
[epoch 004/10] lr=0.000048  dt=4776.4s
  train loss=0.3982
  val   loss=0.3651
  IoU   bg=0.9553  crack=0.4486  spalling=0.5694  | mIoU_fg=0.5090  pix_acc=0.9564
  Dice  bg=0.9771  crack=0.6194  spalling=0.7256
  BF1   crack=0.5388  spalling=0.2637  | BF1_fg_mean=0.4013
  [best] mIoU_fg=0.5090  saved -> best.pt
  [epoch 5/10] batch 30/300 (10%) loss=0.3528 elapsed=480s eta=4317s
  [epoch 5/10] batch 60/300 (20%) loss=0.3427 elapsed=926s eta=3704s
selines/baseline_unet/.venv/lib/python3.11/site-packages/torch/optim/lr_scheduler.py:243: UserWarning: The epoch parameter in `scheduler.step()` was not necessary and is being deprecated where possible. Please use `scheduler.step()` to step the scheduler. During the deprecation, if epoch is different from None, the closed form is used instead of the new chainable form, where available. Please open an issue if you are unable to replicate your use case: https://github.com/pytorch/pytorch/issues/new/choose.
  warnings.warn(EPOCH_DEPRECATION_WARNING, UserWarning)
[epoch 005/10] remain=5 epochs ep_eta=30.8min (avg 369s/ep)
[epoch 005/10] lr=0.000060  dt=325.6s
  train loss=0.3157
  val   loss=0.2937
  IoU   bg=0.9661  crack=0.4903  spalling=0.7681  | mIoU_fg=0.6292  pix_acc=0.9670
  Dice  bg=0.9827  crack=0.6580  spalling=0.8688
  BF1   crack=0.6036  spalling=0.4347  | BF1_fg_mean=0.5192
  [best] mIoU_fg=0.6292  saved -> best.pt
  [epoch 6/10] batch 30/300 (10%) loss=0.2872 elapsed=30s eta=271s
  [epoch 6/10] batch 60/300 (20%) loss=0.2881 elapsed=60s eta=240s
  [epoch 6/10] batch 90/300 (30%) loss=0.2908 elapsed=89s eta=207s
  [epoch 6/10] batch 120/300 (40%) loss=0.2929 elapsed=117s eta=176s
  [epoch 6/10] batch 150/300 (50%) loss=0.2889 elapsed=149s eta=149s
  [epoch 6/10] batch 180/300 (60%) loss=0.2864 elapsed=180s eta=120s
  [epoch 6/10] batch 210/300 (70%) loss=0.2840 elapsed=212s eta=91s
  [epoch 6/10] batch 240/300 (80%) loss=0.2808 elapsed=242s eta=61s
  [epoch 6/10] batch 270/300 (90%) loss=0.2807 elapsed=274s eta=30s
  [epoch 6/10] batch 300/300 (100%) loss=0.2772 elapsed=302s eta=0s
  [train] label px frac: bg=0.9521 crack=0.0343 spalling=0.0136
[epoch 006/10] remain=4 epochs ep_eta=24.4min (avg 366s/ep)
[epoch 006/10] lr=0.000054  dt=334.0s
  train loss=0.2772
  val   loss=0.2565
  IoU   bg=0.9702  crack=0.5171  spalling=0.7619  | mIoU_fg=0.6395  pix_acc=0.9710
  Dice  bg=0.9849  crack=0.6817  spalling=0.8649
  BF1   crack=0.6521  spalling=0.4749  | BF1_fg_mean=0.5635
  [best] mIoU_fg=0.6395  saved -> best.pt
  [epoch 7/10] batch 30/300 (10%) loss=0.2315 elapsed=41s eta=366s
  [epoch 7/10] batch 60/300 (20%) loss=0.2479 elapsed=74s eta=295s
  [epoch 7/10] batch 90/300 (30%) loss=0.2508 elapsed=109s eta=253s
  [epoch 7/10] batch 120/300 (40%) loss=0.2498 elapsed=142s eta=213s
  [epoch 7/10] batch 150/300 (50%) loss=0.2489 elapsed=172s eta=172s
  [epoch 7/10] batch 180/300 (60%) loss=0.2494 elapsed=205s eta=136s
  [epoch 7/10] batch 210/300 (70%) loss=0.2502 elapsed=243s eta=104s
  [epoch 7/10] batch 240/300 (80%) loss=0.2496 elapsed=285s eta=71s
  [epoch 7/10] batch 270/300 (90%) loss=0.2515 elapsed=328s eta=36s
  [epoch 7/10] batch 300/300 (100%) loss=0.2512 elapsed=360s eta=0s
  [train] label px frac: bg=0.9521 crack=0.0343 spalling=0.0136
[epoch 007/10] remain=3 epochs ep_eta=18.6min (avg 372s/ep)
[epoch 007/10] lr=0.000039  dt=401.4s
  train loss=0.2512
  val   loss=0.3451
  IoU   bg=0.9642  crack=0.4976  spalling=0.4392  | mIoU_fg=0.4684  pix_acc=0.9648
  Dice  bg=0.9818  crack=0.6645  spalling=0.6103
  BF1   crack=0.6251  spalling=0.3266  | BF1_fg_mean=0.4758
  [epoch 8/10] batch 30/300 (10%) loss=0.2245 elapsed=34s eta=308s
  [epoch 8/10] batch 60/300 (20%) loss=0.2276 elapsed=67s eta=268s
  [epoch 8/10] batch 90/300 (30%) loss=0.2251 elapsed=102s eta=237s
  [epoch 8/10] batch 120/300 (40%) loss=0.2240 elapsed=138s eta=207s
  [epoch 8/10] batch 150/300 (50%) loss=0.2257 elapsed=169s eta=169s
  [epoch 8/10] batch 180/300 (60%) loss=0.2277 elapsed=201s eta=134s
  [epoch 8/10] batch 210/300 (70%) loss=0.2285 elapsed=233s eta=100s
  [epoch 8/10] batch 240/300 (80%) loss=0.2312 elapsed=263s eta=66s
  [epoch 8/10] batch 270/300 (90%) loss=0.2295 elapsed=297s eta=33s
  [epoch 8/10] batch 300/300 (100%) loss=0.2289 elapsed=331s eta=0s
  [train] label px frac: bg=0.9521 crack=0.0343 spalling=0.0136
[epoch 008/10] remain=2 epochs ep_eta=12.4min (avg 371s/ep)
[epoch 008/10] lr=0.000021  dt=362.8s
  train loss=0.2289
  val   loss=0.2351
  IoU   bg=0.9713  crack=0.5309  spalling=0.7794  | mIoU_fg=0.6552  pix_acc=0.9719
  Dice  bg=0.9855  crack=0.6936  spalling=0.8760
  BF1   crack=0.6660  spalling=0.5455  | BF1_fg_mean=0.6057
  [best] mIoU_fg=0.6552  saved -> best.pt
  [epoch 9/10] batch 30/300 (10%) loss=0.2236 elapsed=31s eta=277s
  [epoch 9/10] batch 60/300 (20%) loss=0.2068 elapsed=62s eta=250s
  [epoch 9/10] batch 90/300 (30%) loss=0.2133 elapsed=96s eta=224s
  [epoch 9/10] batch 120/300 (40%) loss=0.2166 elapsed=132s eta=198s
  [epoch 9/10] batch 150/300 (50%) loss=0.2187 elapsed=164s eta=164s
  [epoch 9/10] batch 180/300 (60%) loss=0.2215 elapsed=197s eta=131s
  [epoch 9/10] batch 210/300 (70%) loss=0.2212 elapsed=233s eta=100s
  [epoch 9/10] batch 240/300 (80%) loss=0.2201 elapsed=264s eta=66s
  [epoch 9/10] batch 270/300 (90%) loss=0.2181 elapsed=293s eta=33s
  [epoch 9/10] batch 300/300 (100%) loss=0.2188 elapsed=323s eta=0s
  [train] label px frac: bg=0.9521 crack=0.0343 spalling=0.0136
[epoch 009/10] remain=1 epochs ep_eta=6.2min (avg 370s/ep)
[epoch 009/10] lr=0.000006  dt=356.1s
  train loss=0.2188
  val   loss=0.2323
  IoU   bg=0.9729  crack=0.5342  spalling=0.7822  | mIoU_fg=0.6582  pix_acc=0.9734
  Dice  bg=0.9862  crack=0.6964  spalling=0.8778
  BF1   crack=0.6781  spalling=0.5624  | BF1_fg_mean=0.6202
  [best] mIoU_fg=0.6582  saved -> best.pt
  [epoch 10/10] batch 30/300 (10%) loss=0.2313 elapsed=30s eta=273s
  [epoch 10/10] batch 60/300 (20%) loss=0.2236 elapsed=68s eta=271s
  [epoch 10/10] batch 90/300 (30%) loss=0.2174 elapsed=102s eta=238s
  [epoch 10/10] batch 120/300 (40%) loss=0.2152 elapsed=134s eta=201s
  [epoch 10/10] batch 150/300 (50%) loss=0.2146 elapsed=166s eta=166s
  [epoch 10/10] batch 180/300 (60%) loss=0.2167 elapsed=194s eta=129s
  [epoch 10/10] batch 210/300 (70%) loss=0.2158 elapsed=225s eta=96s
  [epoch 10/10] batch 240/300 (80%) loss=0.2130 elapsed=255s eta=64s
  [epoch 10/10] batch 270/300 (90%) loss=0.2122 elapsed=286s eta=32s
  [epoch 10/10] batch 300/300 (100%) loss=0.2123 elapsed=321s eta=0s
  [train] label px frac: bg=0.9521 crack=0.0343 spalling=0.0136
[epoch 010/10] remain=0 epochs ep_eta=0.0min (avg 369s/ep)
[epoch 010/10] lr=0.000000  dt=356.5s
  train loss=0.2123
  val   loss=0.2307
  IoU   bg=0.9733  crack=0.5371  spalling=0.7938  | mIoU_fg=0.6655  pix_acc=0.9738
  Dice  bg=0.9864  crack=0.6988  spalling=0.8851
  BF1   crack=0.6820  spalling=0.5492  | BF1_fg_mean=0.6156
  [best] mIoU_fg=0.6655  saved -> best.pt

[train] final test eval using best checkpoint
IoU   bg=0.9722  crack=0.5372  spalling=0.8170  | mIoU_fg=0.6771  pix_acc=0.9731
Dice  bg=0.9859  crack=0.6989  spalling=0.8993
BF1   crack=0.6940  spalling=0.5884  | BF1_fg_mean=0.6412
[train] wrote /workspace/dam-segmentation-baselines/baseline_segformer/runs/segformer_b2_plain_512/test_report.txt
[train] wrote /workspace/dam-segmentation-baselines/baseline_segformer/runs/segformer_b2_plain_512/curves.png
