[train] preset=B (deeplabv3p_r34_320)
[train] device=mps  torch=2.8.0  smp=0.5.0
[train] cfg: encoder=resnet34 img=320 bs=8 grad_accum=1 epochs=30 lr=0.001
[train] sizes: train=1200 val=150 test=150
[train] raw pixel frequency: {'background': 0.952165391031901, 'crack': 0.03423014119466146, 'spalling': 0.0136044677734375}
[train] clipped weights    : {'background': 0.25, 'crack': 1.080772481700143, 'spalling': 1.7143055384148256}
[train] using AUTO CE weights
[train] running OOM probe ...
[train] OOM probe OK
[train] viz samples (6):
    Hard/H (99).jpg
    Hard/H (365).jpg
    Medium/M (127).jpg
    Medium/M (422).jpg
    Hard/H (431).jpg
    Hard/H (476).jpg
  [train] label px frac: bg=0.9521 crack=0.0343 spalling=0.0136
Python(28913) MallocStackLogging: can't turn off malloc stack logging because it was not enabled.
Python(28914) MallocStackLogging: can't turn off malloc stack logging because it was not enabled.
[epoch 001/30] lr=0.000997  dt=96.0s
  train loss=0.5629
  val   loss=0.5084
  IoU   bg=0.9412  crack=0.3071  spalling=0.2682  | mIoU_fg=0.2876  pix_acc=0.9404
  Dice  bg=0.9697  crack=0.4699  spalling=0.4230
  BF1   crack=0.5145  spalling=0.1904  | BF1_fg_mean=0.3524
  [best] mIoU_fg=0.2876  saved -> best.pt
Python(28983) MallocStackLogging: can't turn off malloc stack logging because it was not enabled.
Python(28984) MallocStackLogging: can't turn off malloc stack logging because it was not enabled.
  [train] label px frac: bg=0.9521 crack=0.0343 spalling=0.0136
Python(29246) MallocStackLogging: can't turn off malloc stack logging because it was not enabled.
Python(29247) MallocStackLogging: can't turn off malloc stack logging because it was not enabled.
[epoch 002/30] lr=0.000989  dt=101.4s
  train loss=0.4733
  val   loss=0.9170
  IoU   bg=0.7887  crack=0.2609  spalling=0.0526  | mIoU_fg=0.1568  pix_acc=0.7836
  Dice  bg=0.8819  crack=0.4139  spalling=0.1000
  BF1   crack=0.4794  spalling=0.0889  | BF1_fg_mean=0.2842
Python(29310) MallocStackLogging: can't turn off malloc stack logging because it was not enabled.
Python(29311) MallocStackLogging: can't turn off malloc stack logging because it was not enabled.
  [train] label px frac: bg=0.9521 crack=0.0343 spalling=0.0136
Python(29877) MallocStackLogging: can't turn off malloc stack logging because it was not enabled.
Python(29878) MallocStackLogging: can't turn off malloc stack logging because it was not enabled.
[epoch 003/30] lr=0.000976  dt=211.5s
  train loss=0.4658
  val   loss=0.4665
  IoU   bg=0.9365  crack=0.3747  spalling=0.2341  | mIoU_fg=0.3044  pix_acc=0.9358
  Dice  bg=0.9672  crack=0.5451  spalling=0.3794
  BF1   crack=0.5988  spalling=0.2104  | BF1_fg_mean=0.4046
  [best] mIoU_fg=0.3044  saved -> best.pt
Python(29968) MallocStackLogging: can't turn off malloc stack logging because it was not enabled.
Python(29969) MallocStackLogging: can't turn off malloc stack logging because it was not enabled.
  [train] label px frac: bg=0.9521 crack=0.0343 spalling=0.0136
Python(30512) MallocStackLogging: can't turn off malloc stack logging because it was not enabled.
Python(30513) MallocStackLogging: can't turn off malloc stack logging because it was not enabled.
[epoch 004/30] lr=0.000957  dt=201.8s
  train loss=0.4377
  val   loss=0.4045
  IoU   bg=0.9588  crack=0.3938  spalling=0.4263  | mIoU_fg=0.4100  pix_acc=0.9583
  Dice  bg=0.9790  crack=0.5650  spalling=0.5978
  BF1   crack=0.6287  spalling=0.3087  | BF1_fg_mean=0.4687
  [best] mIoU_fg=0.4100  saved -> best.pt
Python(30580) MallocStackLogging: can't turn off malloc stack logging because it was not enabled.
Python(30581) MallocStackLogging: can't turn off malloc stack logging because it was not enabled.
  [train] label px frac: bg=0.9521 crack=0.0343 spalling=0.0136
Python(30977) MallocStackLogging: can't turn off malloc stack logging because it was not enabled.
Python(30978) MallocStackLogging: can't turn off malloc stack logging because it was not enabled.
[epoch 005/30] lr=0.000933  dt=136.6s
  train loss=0.4457
  val   loss=0.4071
  IoU   bg=0.9549  crack=0.3970  spalling=0.3685  | mIoU_fg=0.3827  pix_acc=0.9541
  Dice  bg=0.9769  crack=0.5683  spalling=0.5385
  BF1   crack=0.6370  spalling=0.2668  | BF1_fg_mean=0.4519
Python(31072) MallocStackLogging: can't turn off malloc stack logging because it was not enabled.
Python(31073) MallocStackLogging: can't turn off malloc stack logging because it was not enabled.
  [train] label px frac: bg=0.9521 crack=0.0343 spalling=0.0136
Python(31455) MallocStackLogging: can't turn off malloc stack logging because it was not enabled.
Python(31456) MallocStackLogging: can't turn off malloc stack logging because it was not enabled.
[epoch 006/30] lr=0.000905  dt=116.3s
  train loss=0.4179
  val   loss=0.3814
  IoU   bg=0.9562  crack=0.4077  spalling=0.4485  | mIoU_fg=0.4281  pix_acc=0.9567
  Dice  bg=0.9776  crack=0.5793  spalling=0.6193
  BF1   crack=0.6326  spalling=0.3581  | BF1_fg_mean=0.4954
  [best] mIoU_fg=0.4281  saved -> best.pt
Python(31540) MallocStackLogging: can't turn off malloc stack logging because it was not enabled.
Python(31541) MallocStackLogging: can't turn off malloc stack logging because it was not enabled.
  [train] label px frac: bg=0.9521 crack=0.0343 spalling=0.0136
Python(32020) MallocStackLogging: can't turn off malloc stack logging because it was not enabled.
Python(32021) MallocStackLogging: can't turn off malloc stack logging because it was not enabled.
[epoch 007/30] lr=0.000872  dt=185.6s
  train loss=0.4089
  val   loss=0.4043
  IoU   bg=0.9447  crack=0.3541  spalling=0.4804  | mIoU_fg=0.4173  pix_acc=0.9449
  Dice  bg=0.9716  crack=0.5230  spalling=0.6490
  BF1   crack=0.5705  spalling=0.3155  | BF1_fg_mean=0.4430
Python(32139) MallocStackLogging: can't turn off malloc stack logging because it was not enabled.
Python(32140) MallocStackLogging: can't turn off malloc stack logging because it was not enabled.
  [train] label px frac: bg=0.9521 crack=0.0343 spalling=0.0136
Python(32926) MallocStackLogging: can't turn off malloc stack logging because it was not enabled.
Python(32927) MallocStackLogging: can't turn off malloc stack logging because it was not enabled.
[epoch 008/30] lr=0.000835  dt=279.9s
  train loss=0.4009
  val   loss=0.4445
  IoU   bg=0.9343  crack=0.4073  spalling=0.2142  | mIoU_fg=0.3108  pix_acc=0.9334
  Dice  bg=0.9660  crack=0.5788  spalling=0.3529
  BF1   crack=0.6416  spalling=0.2302  | BF1_fg_mean=0.4359
Python(32997) MallocStackLogging: can't turn off malloc stack logging because it was not enabled.
Python(32998) MallocStackLogging: can't turn off malloc stack logging because it was not enabled.
  [train] label px frac: bg=0.9521 crack=0.0343 spalling=0.0136
Python(33359) MallocStackLogging: can't turn off malloc stack logging because it was not enabled.
Python(33360) MallocStackLogging: can't turn off malloc stack logging because it was not enabled.
[epoch 009/30] lr=0.000794  dt=116.5s
  train loss=0.3937
  val   loss=0.4168
  IoU   bg=0.9565  crack=0.4141  spalling=0.3416  | mIoU_fg=0.3779  pix_acc=0.9565
  Dice  bg=0.9778  crack=0.5856  spalling=0.5093
  BF1   crack=0.6681  spalling=0.2627  | BF1_fg_mean=0.4654
Python(33441) MallocStackLogging: can't turn off malloc stack logging because it was not enabled.
Python(33442) MallocStackLogging: can't turn off malloc stack logging because it was not enabled.
  [train] label px frac: bg=0.9521 crack=0.0343 spalling=0.0136
Python(33804) MallocStackLogging: can't turn off malloc stack logging because it was not enabled.
Python(33805) MallocStackLogging: can't turn off malloc stack logging because it was not enabled.
[epoch 010/30] lr=0.000750  dt=102.1s
  train loss=0.3936
  val   loss=0.3556
  IoU   bg=0.9598  crack=0.4355  spalling=0.5278  | mIoU_fg=0.4816  pix_acc=0.9606
  Dice  bg=0.9795  crack=0.6067  spalling=0.6909
  BF1   crack=0.6583  spalling=0.3617  | BF1_fg_mean=0.5100
  [best] mIoU_fg=0.4816  saved -> best.pt
Python(33911) MallocStackLogging: can't turn off malloc stack logging because it was not enabled.
Python(33912) MallocStackLogging: can't turn off malloc stack logging because it was not enabled.
  [train] label px frac: bg=0.9521 crack=0.0343 spalling=0.0136
Python(34385) MallocStackLogging: can't turn off malloc stack logging because it was not enabled.
Python(34386) MallocStackLogging: can't turn off malloc stack logging because it was not enabled.
[epoch 011/30] lr=0.000703  dt=164.7s
  train loss=0.3683
  val   loss=0.3566
  IoU   bg=0.9552  crack=0.4309  spalling=0.4768  | mIoU_fg=0.4539  pix_acc=0.9560
  Dice  bg=0.9771  crack=0.6023  spalling=0.6457
  BF1   crack=0.6517  spalling=0.3844  | BF1_fg_mean=0.5181
Python(34482) MallocStackLogging: can't turn off malloc stack logging because it was not enabled.
Python(34483) MallocStackLogging: can't turn off malloc stack logging because it was not enabled.
  [train] label px frac: bg=0.9521 crack=0.0343 spalling=0.0136
Python(34926) MallocStackLogging: can't turn off malloc stack logging because it was not enabled.
Python(34927) MallocStackLogging: can't turn off malloc stack logging because it was not enabled.
[epoch 012/30] lr=0.000655  dt=174.2s
  train loss=0.3641
  val   loss=0.3859
  IoU   bg=0.9588  crack=0.4243  spalling=0.4838  | mIoU_fg=0.4540  pix_acc=0.9593
  Dice  bg=0.9790  crack=0.5958  spalling=0.6521
  BF1   crack=0.6471  spalling=0.3432  | BF1_fg_mean=0.4951
Python(35009) MallocStackLogging: can't turn off malloc stack logging because it was not enabled.
Python(35010) MallocStackLogging: can't turn off malloc stack logging because it was not enabled.
  [train] label px frac: bg=0.9521 crack=0.0343 spalling=0.0136
Python(35502) MallocStackLogging: can't turn off malloc stack logging because it was not enabled.
Python(35503) MallocStackLogging: can't turn off malloc stack logging because it was not enabled.
[epoch 013/30] lr=0.000604  dt=190.7s
  train loss=0.3554
  val   loss=0.3736
  IoU   bg=0.9499  crack=0.4131  spalling=0.4137  | mIoU_fg=0.4134  pix_acc=0.9502
  Dice  bg=0.9743  crack=0.5846  spalling=0.5852
  BF1   crack=0.6413  spalling=0.3710  | BF1_fg_mean=0.5061
Python(35609) MallocStackLogging: can't turn off malloc stack logging because it was not enabled.
Python(35610) MallocStackLogging: can't turn off malloc stack logging because it was not enabled.
  [train] label px frac: bg=0.9521 crack=0.0343 spalling=0.0136
Python(36089) MallocStackLogging: can't turn off malloc stack logging because it was not enabled.
Python(36090) MallocStackLogging: can't turn off malloc stack logging because it was not enabled.
[epoch 014/30] lr=0.000552  dt=198.1s
  train loss=0.3680
  val   loss=0.3684
  IoU   bg=0.9592  crack=0.4378  spalling=0.4712  | mIoU_fg=0.4545  pix_acc=0.9598
  Dice  bg=0.9792  crack=0.6090  spalling=0.6406
  BF1   crack=0.6708  spalling=0.3638  | BF1_fg_mean=0.5173
Python(36282) MallocStackLogging: can't turn off malloc stack logging because it was not enabled.
Python(36283) MallocStackLogging: can't turn off malloc stack logging because it was not enabled.
  [train] label px frac: bg=0.9521 crack=0.0343 spalling=0.0136
Python(36822) MallocStackLogging: can't turn off malloc stack logging because it was not enabled.
Python(36823) MallocStackLogging: can't turn off malloc stack logging because it was not enabled.
[epoch 015/30] lr=0.000500  dt=208.5s
  train loss=0.3523
  val   loss=0.3423
  IoU   bg=0.9625  crack=0.4369  spalling=0.6258  | mIoU_fg=0.5313  pix_acc=0.9631
  Dice  bg=0.9809  crack=0.6081  spalling=0.7698
  BF1   crack=0.6590  spalling=0.4577  | BF1_fg_mean=0.5584
  [best] mIoU_fg=0.5313  saved -> best.pt
Python(36940) MallocStackLogging: can't turn off malloc stack logging because it was not enabled.
Python(36941) MallocStackLogging: can't turn off malloc stack logging because it was not enabled.
  [train] label px frac: bg=0.9521 crack=0.0343 spalling=0.0136
Python(37640) MallocStackLogging: can't turn off malloc stack logging because it was not enabled.
Python(37641) MallocStackLogging: can't turn off malloc stack logging because it was not enabled.
[epoch 016/30] lr=0.000448  dt=264.2s
  train loss=0.3488
  val   loss=0.3314
  IoU   bg=0.9632  crack=0.4419  spalling=0.5945  | mIoU_fg=0.5182  pix_acc=0.9636
  Dice  bg=0.9812  crack=0.6129  spalling=0.7457
  BF1   crack=0.6769  spalling=0.4877  | BF1_fg_mean=0.5823
Python(37740) MallocStackLogging: can't turn off malloc stack logging because it was not enabled.
Python(37741) MallocStackLogging: can't turn off malloc stack logging because it was not enabled.
  [train] label px frac: bg=0.9521 crack=0.0343 spalling=0.0136
Python(38188) MallocStackLogging: can't turn off malloc stack logging because it was not enabled.
Python(38189) MallocStackLogging: can't turn off malloc stack logging because it was not enabled.
[epoch 017/30] lr=0.000396  dt=173.6s
  train loss=0.3440
  val   loss=0.3550
  IoU   bg=0.9549  crack=0.4219  spalling=0.5305  | mIoU_fg=0.4762  pix_acc=0.9557
  Dice  bg=0.9769  crack=0.5934  spalling=0.6932
  BF1   crack=0.6354  spalling=0.3506  | BF1_fg_mean=0.4930
Python(38362) MallocStackLogging: can't turn off malloc stack logging because it was not enabled.
Python(38363) MallocStackLogging: can't turn off malloc stack logging because it was not enabled.
  [train] label px frac: bg=0.9521 crack=0.0343 spalling=0.0136
Python(38905) MallocStackLogging: can't turn off malloc stack logging because it was not enabled.
Python(38906) MallocStackLogging: can't turn off malloc stack logging because it was not enabled.
[epoch 018/30] lr=0.000345  dt=191.9s
  train loss=0.3432
  val   loss=0.3119
  IoU   bg=0.9619  crack=0.4472  spalling=0.6440  | mIoU_fg=0.5456  pix_acc=0.9628
  Dice  bg=0.9806  crack=0.6180  spalling=0.7835
  BF1   crack=0.6665  spalling=0.4769  | BF1_fg_mean=0.5717
  [best] mIoU_fg=0.5456  saved -> best.pt
Python(39002) MallocStackLogging: can't turn off malloc stack logging because it was not enabled.
Python(39003) MallocStackLogging: can't turn off malloc stack logging because it was not enabled.
  [train] label px frac: bg=0.9521 crack=0.0343 spalling=0.0136
Python(39429) MallocStackLogging: can't turn off malloc stack logging because it was not enabled.
Python(39430) MallocStackLogging: can't turn off malloc stack logging because it was not enabled.
[epoch 019/30] lr=0.000297  dt=184.0s
  train loss=0.3235
  val   loss=0.3211
  IoU   bg=0.9623  crack=0.4534  spalling=0.5745  | mIoU_fg=0.5140  pix_acc=0.9632
  Dice  bg=0.9808  crack=0.6239  spalling=0.7298
  BF1   crack=0.6907  spalling=0.4515  | BF1_fg_mean=0.5711
Python(39589) MallocStackLogging: can't turn off malloc stack logging because it was not enabled.
Python(39590) MallocStackLogging: can't turn off malloc stack logging because it was not enabled.
  [train] label px frac: bg=0.9521 crack=0.0343 spalling=0.0136
Python(40107) MallocStackLogging: can't turn off malloc stack logging because it was not enabled.
Python(40108) MallocStackLogging: can't turn off malloc stack logging because it was not enabled.
[epoch 020/30] lr=0.000250  dt=174.8s
  train loss=0.3269
  val   loss=0.3132
  IoU   bg=0.9670  crack=0.4601  spalling=0.6887  | mIoU_fg=0.5744  pix_acc=0.9678
  Dice  bg=0.9832  crack=0.6302  spalling=0.8157
  BF1   crack=0.6952  spalling=0.5039  | BF1_fg_mean=0.5996
  [best] mIoU_fg=0.5744  saved -> best.pt
Python(40196) MallocStackLogging: can't turn off malloc stack logging because it was not enabled.
Python(40197) MallocStackLogging: can't turn off malloc stack logging because it was not enabled.
  [train] label px frac: bg=0.9521 crack=0.0343 spalling=0.0136
Python(40805) MallocStackLogging: can't turn off malloc stack logging because it was not enabled.
Python(40806) MallocStackLogging: can't turn off malloc stack logging because it was not enabled.
[epoch 021/30] lr=0.000206  dt=209.2s
  train loss=0.3095
  val   loss=0.3179
  IoU   bg=0.9648  crack=0.4593  spalling=0.5841  | mIoU_fg=0.5217  pix_acc=0.9655
  Dice  bg=0.9821  crack=0.6295  spalling=0.7375
  BF1   crack=0.6963  spalling=0.5099  | BF1_fg_mean=0.6031
Python(40899) MallocStackLogging: can't turn off malloc stack logging because it was not enabled.
Python(40900) MallocStackLogging: can't turn off malloc stack logging because it was not enabled.
  [train] label px frac: bg=0.9521 crack=0.0343 spalling=0.0136
Python(41580) MallocStackLogging: can't turn off malloc stack logging because it was not enabled.
Python(41581) MallocStackLogging: can't turn off malloc stack logging because it was not enabled.
[epoch 022/30] lr=0.000165  dt=230.5s
  train loss=0.3188
  val   loss=0.3175
  IoU   bg=0.9633  crack=0.4626  spalling=0.5573  | mIoU_fg=0.5100  pix_acc=0.9640
  Dice  bg=0.9813  crack=0.6326  spalling=0.7157
  BF1   crack=0.6982  spalling=0.4776  | BF1_fg_mean=0.5879
Python(41723) MallocStackLogging: can't turn off malloc stack logging because it was not enabled.
Python(41724) MallocStackLogging: can't turn off malloc stack logging because it was not enabled.
  [train] label px frac: bg=0.9521 crack=0.0343 spalling=0.0136
Python(42118) MallocStackLogging: can't turn off malloc stack logging because it was not enabled.
Python(42119) MallocStackLogging: can't turn off malloc stack logging because it was not enabled.
[epoch 023/30] lr=0.000128  dt=146.9s
  train loss=0.3026
  val   loss=0.3064
  IoU   bg=0.9646  crack=0.4673  spalling=0.6242  | mIoU_fg=0.5457  pix_acc=0.9656
  Dice  bg=0.9820  crack=0.6369  spalling=0.7686
  BF1   crack=0.6951  spalling=0.4560  | BF1_fg_mean=0.5755
Python(42262) MallocStackLogging: can't turn off malloc stack logging because it was not enabled.
Python(42263) MallocStackLogging: can't turn off malloc stack logging because it was not enabled.
  [train] label px frac: bg=0.9521 crack=0.0343 spalling=0.0136
Python(42680) MallocStackLogging: can't turn off malloc stack logging because it was not enabled.
Python(42681) MallocStackLogging: can't turn off malloc stack logging because it was not enabled.
[epoch 024/30] lr=0.000095  dt=165.8s
  train loss=0.3074
  val   loss=0.3040
  IoU   bg=0.9632  crack=0.4560  spalling=0.6393  | mIoU_fg=0.5476  pix_acc=0.9639
  Dice  bg=0.9812  crack=0.6264  spalling=0.7799
  BF1   crack=0.6863  spalling=0.5126  | BF1_fg_mean=0.5995
Python(42803) MallocStackLogging: can't turn off malloc stack logging because it was not enabled.
Python(42804) MallocStackLogging: can't turn off malloc stack logging because it was not enabled.
  [train] label px frac: bg=0.9521 crack=0.0343 spalling=0.0136
Python(43389) MallocStackLogging: can't turn off malloc stack logging because it was not enabled.
Python(43390) MallocStackLogging: can't turn off malloc stack logging because it was not enabled.
[epoch 025/30] lr=0.000067  dt=209.3s
  train loss=0.2903
  val   loss=0.2936
  IoU   bg=0.9665  crack=0.4654  spalling=0.6992  | mIoU_fg=0.5823  pix_acc=0.9673
  Dice  bg=0.9829  crack=0.6352  spalling=0.8230
  BF1   crack=0.6969  spalling=0.4983  | BF1_fg_mean=0.5976
  [best] mIoU_fg=0.5823  saved -> best.pt
Python(43493) MallocStackLogging: can't turn off malloc stack logging because it was not enabled.
Python(43494) MallocStackLogging: can't turn off malloc stack logging because it was not enabled.
  [train] label px frac: bg=0.9521 crack=0.0343 spalling=0.0136
Python(44159) MallocStackLogging: can't turn off malloc stack logging because it was not enabled.
Python(44160) MallocStackLogging: can't turn off malloc stack logging because it was not enabled.
[epoch 026/30] lr=0.000043  dt=239.7s
  train loss=0.2854
  val   loss=0.2957
  IoU   bg=0.9666  crack=0.4664  spalling=0.6909  | mIoU_fg=0.5787  pix_acc=0.9674
  Dice  bg=0.9830  crack=0.6362  spalling=0.8172
  BF1   crack=0.6983  spalling=0.4827  | BF1_fg_mean=0.5905
Python(44253) MallocStackLogging: can't turn off malloc stack logging because it was not enabled.
Python(44254) MallocStackLogging: can't turn off malloc stack logging because it was not enabled.
  [train] label px frac: bg=0.9521 crack=0.0343 spalling=0.0136
Python(44775) MallocStackLogging: can't turn off malloc stack logging because it was not enabled.
Python(44776) MallocStackLogging: can't turn off malloc stack logging because it was not enabled.
[epoch 027/30] lr=0.000024  dt=200.1s
  train loss=0.2869
  val   loss=0.2952
  IoU   bg=0.9668  crack=0.4679  spalling=0.6979  | mIoU_fg=0.5829  pix_acc=0.9676
  Dice  bg=0.9831  crack=0.6376  spalling=0.8221
  BF1   crack=0.6994  spalling=0.4836  | BF1_fg_mean=0.5915
  [best] mIoU_fg=0.5829  saved -> best.pt
Python(44889) MallocStackLogging: can't turn off malloc stack logging because it was not enabled.
Python(44890) MallocStackLogging: can't turn off malloc stack logging because it was not enabled.
  [train] label px frac: bg=0.9521 crack=0.0343 spalling=0.0136
Python(45394) MallocStackLogging: can't turn off malloc stack logging because it was not enabled.
Python(45395) MallocStackLogging: can't turn off malloc stack logging because it was not enabled.
[epoch 028/30] lr=0.000011  dt=177.5s
  train loss=0.2791
  val   loss=0.2937
  IoU   bg=0.9644  crack=0.4641  spalling=0.6411  | mIoU_fg=0.5526  pix_acc=0.9652
  Dice  bg=0.9819  crack=0.6339  spalling=0.7813
  BF1   crack=0.6935  spalling=0.4930  | BF1_fg_mean=0.5932
Python(45495) MallocStackLogging: can't turn off malloc stack logging because it was not enabled.
Python(45496) MallocStackLogging: can't turn off malloc stack logging because it was not enabled.
  [train] label px frac: bg=0.9521 crack=0.0343 spalling=0.0136
Python(45902) MallocStackLogging: can't turn off malloc stack logging because it was not enabled.
Python(45903) MallocStackLogging: can't turn off malloc stack logging because it was not enabled.
[epoch 029/30] lr=0.000003  dt=149.4s
  train loss=0.2779
  val   loss=0.2982
  IoU   bg=0.9643  crack=0.4641  spalling=0.6343  | mIoU_fg=0.5492  pix_acc=0.9652
  Dice  bg=0.9818  crack=0.6339  spalling=0.7762
  BF1   crack=0.6938  spalling=0.4808  | BF1_fg_mean=0.5873
Python(45997) MallocStackLogging: can't turn off malloc stack logging because it was not enabled.
Python(45998) MallocStackLogging: can't turn off malloc stack logging because it was not enabled.
  [train] label px frac: bg=0.9521 crack=0.0343 spalling=0.0136
Python(46502) MallocStackLogging: can't turn off malloc stack logging because it was not enabled.
Python(46503) MallocStackLogging: can't turn off malloc stack logging because it was not enabled.
[epoch 030/30] lr=0.000000  dt=168.6s
  train loss=0.2860
  val   loss=0.2952
  IoU   bg=0.9639  crack=0.4629  spalling=0.6490  | mIoU_fg=0.5559  pix_acc=0.9649
  Dice  bg=0.9816  crack=0.6328  spalling=0.7871
  BF1   crack=0.6900  spalling=0.4996  | BF1_fg_mean=0.5948

[train] final test eval using best checkpoint
Python(46576) MallocStackLogging: can't turn off malloc stack logging because it was not enabled.
Python(46577) MallocStackLogging: can't turn off malloc stack logging because it was not enabled.
IoU   bg=0.9648  crack=0.4677  spalling=0.6544  | mIoU_fg=0.5611  pix_acc=0.9657
Dice  bg=0.9821  crack=0.6374  spalling=0.7911
BF1   crack=0.7101  spalling=0.4847  | BF1_fg_mean=0.5974
[train] wrote /Users/lynnchen/Documents/Research/Dynamic Difficulty-Aware Curriculum Learning with Boundary Refinement for Fine-Grained Crack and Spalling Segmentation in Concrete Dams/Codes/baseline_deeplab/runs/deeplabv3p_r34_320/test_report.txt
[train] wrote /Users/lynnchen/Documents/Research/Dynamic Difficulty-Aware Curriculum Learning with Boundary Refinement for Fine-Grained Crack and Spalling Segmentation in Concrete Dams/Codes/baseline_deeplab/runs/deeplabv3p_r34_320/curves.png
