Some weights of SegformerForSemanticSegmentation were not initialized from the model checkpoint at nvidia/segformer-b2-finetuned-ade-512-512 and are newly initialized because the shapes did not match:
- decode_head.classifier.weight: found shape torch.Size([150, 768, 1, 1]) in the checkpoint and torch.Size([3, 768, 1, 1]) in the model instantiated
- decode_head.classifier.bias: found shape torch.Size([150]) in the checkpoint and torch.Size([3]) in the model instantiated
You should probably TRAIN this model on a down-stream task to be able to use it for predictions and inference.
Some weights of SegformerForSemanticSegmentation were not initialized from the model checkpoint at nvidia/segformer-b2-finetuned-ade-512-512 and are newly initialized because the shapes did not match:
- decode_head.classifier.weight: found shape torch.Size([150, 768, 1, 1]) in the checkpoint and torch.Size([3, 768, 1, 1]) in the model instantiated
- decode_head.classifier.bias: found shape torch.Size([150]) in the checkpoint and torch.Size([3]) in the model instantiated
You should probably TRAIN this model on a down-stream task to be able to use it for predictions and inference.
[train] cuDNN warmup OK
[train] full_method (dual_kd_classaware_DKD2_seed42)
[train] device=cuda  torch=2.6.0+cu124  transformers=4.44.2
[train] cfg: pretrained=nvidia/segformer-b2-finetuned-ade-512-512 img=512 bs=4 grad_accum=1 epochs=100 lr=6e-05 warmup=5
[train] difficulty: alpha=1.0 beta=0.5 gamma=0.3 delta=0.3 ema=0.9 tau=0.5
[train] bonuses: spalling=0.3 late_hard_crack=0.4
[train] ablation switches: dynamic_difficulty=False class_sampling_bonus=False class_loss_schedule=False boundary_loss=False tversky_loss=False
[train] new switches: soft_curriculum=False softmax_sampling=False dynamic_loss_reweight=False (lambda=0.5) soft_boundary=False (start=0.6 max=0.1)
[train] cldice: use=False weight=0.05 start_epoch=60 iters=7
[train] srl: use=True weight=0.05 start_epoch=60
[train] snake_aux: use=False weight=0.1
[train] model_type=dscformer snake_channels=64 snake_kernel=9
[train] no_curriculum=True
[train] competence: hard=False soft=False c0=0.333 duration=70 floors=[0.05,0.02,0.0]
[train] MAC: use=False morph_diff=False adaptive_pacing=False class_loss=False diff_gamma=0.5 weights=[0.4,0.3,0.2,0.1]
[train] sizes: train=1200 val=150 test=150
[train] building records (scanning masks for has_spalling) ...
[train] records: {0: 400, 1: 400, 2: 400}  has_spalling=292/1200
[train] raw pixel frequency: {'background': 0.952165391031901, 'crack': 0.03423014119466146, 'spalling': 0.0136044677734375}
[train] clipped weights    : {'background': 0.25, 'crack': 1.080772481700143, 'spalling': 1.7143055384148256}
[train] running OOM probe ...
[train] OOM probe OK
[train] mixed precision (AMP) enabled
[train] viz samples (6):
    Hard/H (99).jpg
    Hard/H (365).jpg
    Medium/M (127).jpg
    Medium/M (422).jpg
    Hard/H (431).jpg
    Hard/H (476).jpg
[KD] loading teacher 1 from /workspace/dam-segmentation-baselines/full_method/runs/dscformer_srl_G1/best.pt
[KD] teacher 1 loaded (epoch=91, val_mIoU_fg=0.701027307132969)
[KD] alpha=0.5 temperature=4.0
[KD] loading teacher 2 from /workspace/dam-segmentation-baselines/full_method/runs/sam_lora_srl_SAM2/best.pt
[TopoLoRA-SAM] loaded SAM ViT-B from sam_vit_b_01ec64.pth
[TopoLoRA-SAM] injected LoRA into 48 layers (rank=16)
[TopoLoRA-SAM] total params: 95.8M, trainable: 6.1M (6.4%)
[KD] teacher 2 loaded (epoch=40, val_mIoU_fg=0.6944438789823197)
[KD] dual-teacher mode: class-conditional (t1=0.5, t2=0.5)
[dual_kd_classaware_DKD2_seed42] [curriculum] epoch 1: stage=0 tiers=[0] pool={0: 400, 1: 0, 2: 0}
  [dual_kd_classaware_DKD2_seed42] [epoch 1/100] batch 30/300 (10%) loss=1696110.2292 elapsed=12s eta=112s
  [dual_kd_classaware_DKD2_seed42] [epoch 1/100] batch 60/300 (20%) loss=1709720.1958 elapsed=24s eta=97s
  [dual_kd_classaware_DKD2_seed42] [epoch 1/100] batch 90/300 (30%) loss=1712397.5153 elapsed=36s eta=85s
  [dual_kd_classaware_DKD2_seed42] [epoch 1/100] batch 120/300 (40%) loss=1717631.7740 elapsed=48s eta=72s
  [dual_kd_classaware_DKD2_seed42] [epoch 1/100] batch 150/300 (50%) loss=1718963.1508 elapsed=60s eta=60s
  [dual_kd_classaware_DKD2_seed42] [epoch 1/100] batch 180/300 (60%) loss=1719642.6771 elapsed=72s eta=48s
  [dual_kd_classaware_DKD2_seed42] [epoch 1/100] batch 210/300 (70%) loss=1718003.0292 elapsed=83s eta=36s
  [dual_kd_classaware_DKD2_seed42] [epoch 1/100] batch 240/300 (80%) loss=1716268.1719 elapsed=95s eta=24s
  [dual_kd_classaware_DKD2_seed42] [epoch 1/100] batch 270/300 (90%) loss=1714911.8097 elapsed=108s eta=12s
  [dual_kd_classaware_DKD2_seed42] [epoch 1/100] batch 300/300 (100%) loss=1713445.5254 elapsed=120s eta=0s
[dual_kd_classaware_DKD2_seed42] [sampler] sampled: {0: 400, 1: 400, 2: 400} total=1200 spalling_ratio=24.33%
[dual_kd_classaware_DKD2_seed42] [sampler] unique: {0: 400, 1: 400, 2: 400} unique_total=1200 dup_ratio=1.00x
[dual_kd_classaware_DKD2_seed42] [epoch 001/100] remain=99 epochs ep_eta=206.9min (avg 125s/ep)
[dual_kd_classaware_DKD2_seed42] [epoch 001/100] lr=0.000012  dt=125.4s
  train loss=1713445.5254  ce=1.0918 dice=0.9441  tversky=0.0000 bd=0.0000  cldice=0.0000 snake=0.0000
  val   loss=1.0055
  IoU   bg=0.4781  crack=0.0516  spalling=0.0130  | mIoU_fg=0.0323  pix_acc=0.4863
  Dice  bg=0.6469  crack=0.0982  spalling=0.0257
  BF1   crack=0.1220  spalling=0.0144  | BF1_fg_mean=0.0682
  [dual_kd_classaware_DKD2_seed42] [best] mIoU_fg=0.0323  saved -> best.pt
[dual_kd_classaware_DKD2_seed42] [curriculum] epoch 2: stage=0 tiers=[0] pool={0: 400, 1: 0, 2: 0}
  [dual_kd_classaware_DKD2_seed42] [epoch 2/100] batch 30/300 (10%) loss=1681133.3042 elapsed=12s eta=109s
  [dual_kd_classaware_DKD2_seed42] [epoch 2/100] batch 60/300 (20%) loss=1650975.7792 elapsed=24s eta=95s
  [dual_kd_classaware_DKD2_seed42] [epoch 2/100] batch 90/300 (30%) loss=1628330.1486 elapsed=35s eta=82s
  [dual_kd_classaware_DKD2_seed42] [epoch 2/100] batch 120/300 (40%) loss=1603746.9135 elapsed=46s eta=70s
  [dual_kd_classaware_DKD2_seed42] [epoch 2/100] batch 150/300 (50%) loss=1580025.5317 elapsed=58s eta=58s
  [dual_kd_classaware_DKD2_seed42] [epoch 2/100] batch 180/300 (60%) loss=1555359.4333 elapsed=69s eta=46s
  [dual_kd_classaware_DKD2_seed42] [epoch 2/100] batch 210/300 (70%) loss=1528477.2607 elapsed=80s eta=34s
  [dual_kd_classaware_DKD2_seed42] [epoch 2/100] batch 240/300 (80%) loss=1503859.3818 elapsed=92s eta=23s
  [dual_kd_classaware_DKD2_seed42] [epoch 2/100] batch 270/300 (90%) loss=1476952.5718 elapsed=103s eta=11s
  [dual_kd_classaware_DKD2_seed42] [epoch 2/100] batch 300/300 (100%) loss=1451230.2979 elapsed=114s eta=0s
[dual_kd_classaware_DKD2_seed42] [sampler] sampled: {0: 400, 1: 400, 2: 400} total=1200 spalling_ratio=24.33%
[dual_kd_classaware_DKD2_seed42] [sampler] unique: {0: 400, 1: 400, 2: 400} unique_total=1200 dup_ratio=1.00x
[dual_kd_classaware_DKD2_seed42] [epoch 002/100] remain=98 epochs ep_eta=197.1min (avg 121s/ep)
[dual_kd_classaware_DKD2_seed42] [epoch 002/100] lr=0.000024  dt=114.2s
  train loss=1451230.2979  ce=0.7266 dice=0.9036  tversky=0.0000 bd=0.0000  cldice=0.0000 snake=0.0000
  val   skipped (next val at epoch 5)
[dual_kd_classaware_DKD2_seed42] [curriculum] epoch 3: stage=0 tiers=[0] pool={0: 400, 1: 0, 2: 0}
  [dual_kd_classaware_DKD2_seed42] [epoch 3/100] batch 30/300 (10%) loss=1158863.2458 elapsed=12s eta=104s
  [dual_kd_classaware_DKD2_seed42] [epoch 3/100] batch 60/300 (20%) loss=1117161.6687 elapsed=23s eta=91s
  [dual_kd_classaware_DKD2_seed42] [epoch 3/100] batch 90/300 (30%) loss=1077360.0076 elapsed=34s eta=79s
  [dual_kd_classaware_DKD2_seed42] [epoch 3/100] batch 120/300 (40%) loss=1043486.5323 elapsed=45s eta=67s
