Some weights of SegformerForSemanticSegmentation were not initialized from the model checkpoint at nvidia/segformer-b2-finetuned-ade-512-512 and are newly initialized because the shapes did not match:
- decode_head.classifier.weight: found shape torch.Size([150, 768, 1, 1]) in the checkpoint and torch.Size([3, 768, 1, 1]) in the model instantiated
- decode_head.classifier.bias: found shape torch.Size([150]) in the checkpoint and torch.Size([3]) in the model instantiated
You should probably TRAIN this model on a down-stream task to be able to use it for predictions and inference.
[train] cuDNN warmup OK
[train] full_method (plain_segformer_P0_seed42)
[train] device=cuda  torch=2.6.0+cu124  transformers=4.57.6
[train] cfg: pretrained=nvidia/segformer-b2-finetuned-ade-512-512 img=512 bs=4 grad_accum=1 epochs=100 lr=6e-05 warmup=5
[train] difficulty: alpha=1.0 beta=0.5 gamma=0.3 delta=0.3 ema=0.9 tau=0.5
[train] bonuses: spalling=0.3 late_hard_crack=0.4
[train] ablation switches: dynamic_difficulty=False class_sampling_bonus=False class_loss_schedule=False boundary_loss=False tversky_loss=False
[train] new switches: soft_curriculum=False softmax_sampling=False dynamic_loss_reweight=False (lambda=0.5) soft_boundary=False (start=0.6 max=0.1)
[train] cldice: use=False weight=0.15 start_epoch=40 iters=7
[train] srl: use=False weight=0.15 start_epoch=40
[train] snake_aux: use=False weight=0.1
[train] model_type=segformer snake_channels=64 snake_kernel=9
[train] no_curriculum=True
[train] competence: hard=False soft=False c0=0.333 duration=70 floors=[0.05,0.02,0.0]
[train] MAC: use=False morph_diff=False adaptive_pacing=False class_loss=False diff_gamma=0.5 weights=[0.4,0.3,0.2,0.1]
[train] sizes: train=1200 val=150 test=150
[train] building records (scanning masks for has_spalling) ...
[train] records: {0: 400, 1: 400, 2: 400}  has_spalling=292/1200
[train] raw pixel frequency: {'background': 0.952165391031901, 'crack': 0.03423014119466146, 'spalling': 0.0136044677734375}
[train] clipped weights    : {'background': 0.25, 'crack': 1.080772481700143, 'spalling': 1.7143055384148256}
[train] running OOM probe ...
[train] OOM probe OK
[train] mixed precision (AMP) enabled
[train] viz samples (6):
    Hard/H (99).jpg
    Hard/H (365).jpg
    Medium/M (127).jpg
    Medium/M (422).jpg
    Hard/H (431).jpg
    Hard/H (476).jpg
[plain_segformer_P0_seed42] [curriculum] epoch 1: stage=0 tiers=[0] pool={0: 400, 1: 0, 2: 0}
  [plain_segformer_P0_seed42] [epoch 1/100] batch 30/300 (10%) loss=0.9863 elapsed=6s eta=56s
  [plain_segformer_P0_seed42] [epoch 1/100] batch 60/300 (20%) loss=0.9887 elapsed=12s eta=47s
  [plain_segformer_P0_seed42] [epoch 1/100] batch 90/300 (30%) loss=0.9877 elapsed=17s eta=41s
  [plain_segformer_P0_seed42] [epoch 1/100] batch 120/300 (40%) loss=0.9869 elapsed=23s eta=34s
  [plain_segformer_P0_seed42] [epoch 1/100] batch 150/300 (50%) loss=0.9869 elapsed=29s eta=29s
  [plain_segformer_P0_seed42] [epoch 1/100] batch 180/300 (60%) loss=0.9855 elapsed=34s eta=23s
  [plain_segformer_P0_seed42] [epoch 1/100] batch 210/300 (70%) loss=0.9843 elapsed=40s eta=17s
  [plain_segformer_P0_seed42] [epoch 1/100] batch 240/300 (80%) loss=0.9836 elapsed=45s eta=11s
  [plain_segformer_P0_seed42] [epoch 1/100] batch 270/300 (90%) loss=0.9825 elapsed=51s eta=6s
  [plain_segformer_P0_seed42] [epoch 1/100] batch 300/300 (100%) loss=0.9817 elapsed=56s eta=0s
[plain_segformer_P0_seed42] [sampler] sampled: {0: 400, 1: 400, 2: 400} total=1200 spalling_ratio=24.33%
[plain_segformer_P0_seed42] [sampler] unique: {0: 400, 1: 400, 2: 400} unique_total=1200 dup_ratio=1.00x
[plain_segformer_P0_seed42] [epoch 001/100] remain=99 epochs ep_eta=101.4min (avg 61s/ep)
[plain_segformer_P0_seed42] [epoch 001/100] lr=0.000012  dt=61.5s
  train loss=0.9817  ce=1.0179 dice=0.9456  tversky=0.0000 bd=0.0000  cldice=0.0000 snake=0.0000
  val   loss=0.9614
  IoU   bg=0.7202  crack=0.0536  spalling=0.0175  | mIoU_fg=0.0356  pix_acc=0.7174
  Dice  bg=0.8374  crack=0.1018  spalling=0.0345
  BF1   crack=0.0857  spalling=0.0351  | BF1_fg_mean=0.0604
  [plain_segformer_P0_seed42] [best] mIoU_fg=0.0356  saved -> best.pt
[plain_segformer_P0_seed42] [curriculum] epoch 2: stage=0 tiers=[0] pool={0: 400, 1: 0, 2: 0}
  [plain_segformer_P0_seed42] [epoch 2/100] batch 30/300 (10%) loss=0.9534 elapsed=6s eta=53s
  [plain_segformer_P0_seed42] [epoch 2/100] batch 60/300 (20%) loss=0.9353 elapsed=11s eta=45s
  [plain_segformer_P0_seed42] [epoch 2/100] batch 90/300 (30%) loss=0.9178 elapsed=17s eta=40s
  [plain_segformer_P0_seed42] [epoch 2/100] batch 120/300 (40%) loss=0.9013 elapsed=22s eta=34s
  [plain_segformer_P0_seed42] [epoch 2/100] batch 150/300 (50%) loss=0.8847 elapsed=28s eta=28s
  [plain_segformer_P0_seed42] [epoch 2/100] batch 180/300 (60%) loss=0.8680 elapsed=33s eta=22s
  [plain_segformer_P0_seed42] [epoch 2/100] batch 210/300 (70%) loss=0.8516 elapsed=39s eta=17s
  [plain_segformer_P0_seed42] [epoch 2/100] batch 240/300 (80%) loss=0.8363 elapsed=44s eta=11s
  [plain_segformer_P0_seed42] [epoch 2/100] batch 270/300 (90%) loss=0.8222 elapsed=50s eta=6s
  [plain_segformer_P0_seed42] [epoch 2/100] batch 300/300 (100%) loss=0.8090 elapsed=55s eta=0s
[plain_segformer_P0_seed42] [sampler] sampled: {0: 400, 1: 400, 2: 400} total=1200 spalling_ratio=24.33%
[plain_segformer_P0_seed42] [sampler] unique: {0: 400, 1: 400, 2: 400} unique_total=1200 dup_ratio=1.00x
[plain_segformer_P0_seed42] [epoch 002/100] remain=98 epochs ep_eta=96.6min (avg 59s/ep)
[plain_segformer_P0_seed42] [epoch 002/100] lr=0.000024  dt=55.2s
  train loss=0.8090  ce=0.7231 dice=0.8948  tversky=0.0000 bd=0.0000  cldice=0.0000 snake=0.0000
  val   skipped (next val at epoch 5)
[plain_segformer_P0_seed42] [curriculum] epoch 3: stage=0 tiers=[0] pool={0: 400, 1: 0, 2: 0}
  [plain_segformer_P0_seed42] [epoch 3/100] batch 30/300 (10%) loss=0.6686 elapsed=6s eta=51s
  [plain_segformer_P0_seed42] [epoch 3/100] batch 60/300 (20%) loss=0.6525 elapsed=11s eta=44s
  [plain_segformer_P0_seed42] [epoch 3/100] batch 90/300 (30%) loss=0.6337 elapsed=16s eta=38s
  [plain_segformer_P0_seed42] [epoch 3/100] batch 120/300 (40%) loss=0.6197 elapsed=22s eta=32s
  [plain_segformer_P0_seed42] [epoch 3/100] batch 150/300 (50%) loss=0.6051 elapsed=27s eta=27s
  [plain_segformer_P0_seed42] [epoch 3/100] batch 180/300 (60%) loss=0.5926 elapsed=32s eta=21s
  [plain_segformer_P0_seed42] [epoch 3/100] batch 210/300 (70%) loss=0.5797 elapsed=37s eta=16s
  [plain_segformer_P0_seed42] [epoch 3/100] batch 240/300 (80%) loss=0.5677 elapsed=42s eta=11s
  [plain_segformer_P0_seed42] [epoch 3/100] batch 270/300 (90%) loss=0.5583 elapsed=47s eta=5s
  [plain_segformer_P0_seed42] [epoch 3/100] batch 300/300 (100%) loss=0.5505 elapsed=52s eta=0s
[plain_segformer_P0_seed42] [sampler] sampled: {0: 400, 1: 400, 2: 400} total=1200 spalling_ratio=24.33%
[plain_segformer_P0_seed42] [sampler] unique: {0: 400, 1: 400, 2: 400} unique_total=1200 dup_ratio=1.00x
[plain_segformer_P0_seed42] [epoch 003/100] remain=97 epochs ep_eta=92.3min (avg 57s/ep)
[plain_segformer_P0_seed42] [epoch 003/100] lr=0.000036  dt=52.5s
  train loss=0.5505  ce=0.3466 dice=0.7544  tversky=0.0000 bd=0.0000  cldice=0.0000 snake=0.0000
  val   skipped (next val at epoch 5)
[plain_segformer_P0_seed42] [curriculum] epoch 4: stage=0 tiers=[0] pool={0: 400, 1: 0, 2: 0}
  [plain_segformer_P0_seed42] [epoch 4/100] batch 30/300 (10%) loss=0.4468 elapsed=5s eta=47s
  [plain_segformer_P0_seed42] [epoch 4/100] batch 60/300 (20%) loss=0.4497 elapsed=11s eta=42s
  [plain_segformer_P0_seed42] [epoch 4/100] batch 90/300 (30%) loss=0.4436 elapsed=16s eta=37s
  [plain_segformer_P0_seed42] [epoch 4/100] batch 120/300 (40%) loss=0.4337 elapsed=21s eta=31s
  [plain_segformer_P0_seed42] [epoch 4/100] batch 150/300 (50%) loss=0.4308 elapsed=26s eta=26s
  [plain_segformer_P0_seed42] [epoch 4/100] batch 180/300 (60%) loss=0.4212 elapsed=31s eta=21s
  [plain_segformer_P0_seed42] [epoch 4/100] batch 210/300 (70%) loss=0.4112 elapsed=36s eta=15s
  [plain_segformer_P0_seed42] [epoch 4/100] batch 240/300 (80%) loss=0.4051 elapsed=41s eta=10s
  [plain_segformer_P0_seed42] [epoch 4/100] batch 270/300 (90%) loss=0.4005 elapsed=46s eta=5s
  [plain_segformer_P0_seed42] [epoch 4/100] batch 300/300 (100%) loss=0.3965 elapsed=52s eta=0s
[plain_segformer_P0_seed42] [sampler] sampled: {0: 400, 1: 400, 2: 400} total=1200 spalling_ratio=24.33%
[plain_segformer_P0_seed42] [sampler] unique: {0: 400, 1: 400, 2: 400} unique_total=1200 dup_ratio=1.00x
[plain_segformer_P0_seed42] [epoch 004/100] remain=96 epochs ep_eta=89.4min (avg 56s/ep)
[plain_segformer_P0_seed42] [epoch 004/100] lr=0.000048  dt=51.7s
  train loss=0.3965  ce=0.1985 dice=0.5946  tversky=0.0000 bd=0.0000  cldice=0.0000 snake=0.0000
  val   skipped (next val at epoch 5)
[plain_segformer_P0_seed42] [curriculum] epoch 5: stage=0 tiers=[0] pool={0: 400, 1: 0, 2: 0}
  [plain_segformer_P0_seed42] [epoch 5/100] batch 30/300 (10%) loss=0.3302 elapsed=5s eta=49s
  [plain_segformer_P0_seed42] [epoch 5/100] batch 60/300 (20%) loss=0.3324 elapsed=11s eta=43s
  [plain_segformer_P0_seed42] [epoch 5/100] batch 90/300 (30%) loss=0.3337 elapsed=16s eta=37s
  [plain_segformer_P0_seed42] [epoch 5/100] batch 120/300 (40%) loss=0.3271 elapsed=21s eta=32s
  [plain_segformer_P0_seed42] [epoch 5/100] batch 150/300 (50%) loss=0.3270 elapsed=26s eta=26s
  [plain_segformer_P0_seed42] [epoch 5/100] batch 180/300 (60%) loss=0.3236 elapsed=31s eta=21s
  [plain_segformer_P0_seed42] [epoch 5/100] batch 210/300 (70%) loss=0.3205 elapsed=36s eta=16s
  [plain_segformer_P0_seed42] [epoch 5/100] batch 240/300 (80%) loss=0.3163 elapsed=41s eta=10s
  [plain_segformer_P0_seed42] [epoch 5/100] batch 270/300 (90%) loss=0.3148 elapsed=46s eta=5s
  [plain_segformer_P0_seed42] [epoch 5/100] batch 300/300 (100%) loss=0.3137 elapsed=51s eta=0s
[plain_segformer_P0_seed42] [sampler] sampled: {0: 400, 1: 400, 2: 400} total=1200 spalling_ratio=24.33%
[plain_segformer_P0_seed42] [sampler] unique: {0: 400, 1: 400, 2: 400} unique_total=1200 dup_ratio=1.00x
[plain_segformer_P0_seed42] [epoch 005/100] remain=95 epochs ep_eta=88.7min (avg 56s/ep)
[plain_segformer_P0_seed42] [epoch 005/100] lr=0.000060  dt=56.2s
  train loss=0.3137  ce=0.1591 dice=0.4684  tversky=0.0000 bd=0.0000  cldice=0.0000 snake=0.0000
  val   loss=0.2996
  IoU   bg=0.9680  crack=0.5031  spalling=0.6773  | mIoU_fg=0.5902  pix_acc=0.9688
  Dice  bg=0.9838  crack=0.6695  spalling=0.8076
  BF1   crack=0.6371  spalling=0.4229  | BF1_fg_mean=0.5300
  [plain_segformer_P0_seed42] [best] mIoU_fg=0.5902  saved -> best.pt
[plain_segformer_P0_seed42] [curriculum] epoch 6: stage=0 tiers=[0] pool={0: 400, 1: 0, 2: 0}
  [plain_segformer_P0_seed42] [epoch 6/100] batch 30/300 (10%) loss=0.3081 elapsed=5s eta=48s
  [plain_segformer_P0_seed42] [epoch 6/100] batch 60/300 (20%) loss=0.2887 elapsed=10s eta=41s
  [plain_segformer_P0_seed42] [epoch 6/100] batch 90/300 (30%) loss=0.2870 elapsed=15s eta=36s
  [plain_segformer_P0_seed42] [epoch 6/100] batch 120/300 (40%) loss=0.2815 elapsed=20s eta=31s
  [plain_segformer_P0_seed42] [epoch 6/100] batch 150/300 (50%) loss=0.2840 elapsed=25s eta=25s
  [plain_segformer_P0_seed42] [epoch 6/100] batch 180/300 (60%) loss=0.2908 elapsed=31s eta=20s
  [plain_segformer_P0_seed42] [epoch 6/100] batch 210/300 (70%) loss=0.2924 elapsed=36s eta=15s
  [plain_segformer_P0_seed42] [epoch 6/100] batch 240/300 (80%) loss=0.2915 elapsed=41s eta=10s
  [plain_segformer_P0_seed42] [epoch 6/100] batch 270/300 (90%) loss=0.2899 elapsed=46s eta=5s
  [plain_segformer_P0_seed42] [epoch 6/100] batch 300/300 (100%) loss=0.2878 elapsed=51s eta=0s
[plain_segformer_P0_seed42] [sampler] sampled: {0: 400, 1: 400, 2: 400} total=1200 spalling_ratio=24.33%
[plain_segformer_P0_seed42] [sampler] unique: {0: 400, 1: 400, 2: 400} unique_total=1200 dup_ratio=1.00x
[plain_segformer_P0_seed42] [epoch 006/100] remain=94 epochs ep_eta=86.9min (avg 55s/ep)
[plain_segformer_P0_seed42] [epoch 006/100] lr=0.000060  dt=51.0s
  train loss=0.2878  ce=0.1592 dice=0.4165  tversky=0.0000 bd=0.0000  cldice=0.0000 snake=0.0000
  val   skipped (next val at epoch 10)
[plain_segformer_P0_seed42] [curriculum] epoch 7: stage=0 tiers=[0] pool={0: 400, 1: 0, 2: 0}
  [plain_segformer_P0_seed42] [epoch 7/100] batch 30/300 (10%) loss=0.2572 elapsed=5s eta=47s
  [plain_segformer_P0_seed42] [epoch 7/100] batch 60/300 (20%) loss=0.2666 elapsed=10s eta=41s
  [plain_segformer_P0_seed42] [epoch 7/100] batch 90/300 (30%) loss=0.2642 elapsed=15s eta=35s
  [plain_segformer_P0_seed42] [epoch 7/100] batch 120/300 (40%) loss=0.2604 elapsed=20s eta=30s
  [plain_segformer_P0_seed42] [epoch 7/100] batch 150/300 (50%) loss=0.2572 elapsed=25s eta=25s
  [plain_segformer_P0_seed42] [epoch 7/100] batch 180/300 (60%) loss=0.2577 elapsed=30s eta=20s
  [plain_segformer_P0_seed42] [epoch 7/100] batch 210/300 (70%) loss=0.2565 elapsed=35s eta=15s
  [plain_segformer_P0_seed42] [epoch 7/100] batch 240/300 (80%) loss=0.2551 elapsed=40s eta=10s
  [plain_segformer_P0_seed42] [epoch 7/100] batch 270/300 (90%) loss=0.2543 elapsed=46s eta=5s
  [plain_segformer_P0_seed42] [epoch 7/100] batch 300/300 (100%) loss=0.2544 elapsed=51s eta=0s
[plain_segformer_P0_seed42] [sampler] sampled: {0: 400, 1: 400, 2: 400} total=1200 spalling_ratio=24.33%
[plain_segformer_P0_seed42] [sampler] unique: {0: 400, 1: 400, 2: 400} unique_total=1200 dup_ratio=1.00x
[plain_segformer_P0_seed42] [epoch 007/100] remain=93 epochs ep_eta=85.1min (avg 55s/ep)
[plain_segformer_P0_seed42] [epoch 007/100] lr=0.000060  dt=50.8s
  train loss=0.2544  ce=0.1442 dice=0.3647  tversky=0.0000 bd=0.0000  cldice=0.0000 snake=0.0000
  val   skipped (next val at epoch 10)
[plain_segformer_P0_seed42] [curriculum] epoch 8: stage=0 tiers=[0] pool={0: 400, 1: 0, 2: 0}
  [plain_segformer_P0_seed42] [epoch 8/100] batch 30/300 (10%) loss=0.2470 elapsed=5s eta=48s
  [plain_segformer_P0_seed42] [epoch 8/100] batch 60/300 (20%) loss=0.2288 elapsed=10s eta=42s
  [plain_segformer_P0_seed42] [epoch 8/100] batch 90/300 (30%) loss=0.2327 elapsed=16s eta=36s
  [plain_segformer_P0_seed42] [epoch 8/100] batch 120/300 (40%) loss=0.2394 elapsed=21s eta=31s
  [plain_segformer_P0_seed42] [epoch 8/100] batch 150/300 (50%) loss=0.2376 elapsed=26s eta=26s
  [plain_segformer_P0_seed42] [epoch 8/100] batch 180/300 (60%) loss=0.2397 elapsed=31s eta=20s
  [plain_segformer_P0_seed42] [epoch 8/100] batch 210/300 (70%) loss=0.2379 elapsed=36s eta=15s
  [plain_segformer_P0_seed42] [epoch 8/100] batch 240/300 (80%) loss=0.2377 elapsed=41s eta=10s
  [plain_segformer_P0_seed42] [epoch 8/100] batch 270/300 (90%) loss=0.2362 elapsed=46s eta=5s
  [plain_segformer_P0_seed42] [epoch 8/100] batch 300/300 (100%) loss=0.2341 elapsed=51s eta=0s
[plain_segformer_P0_seed42] [sampler] sampled: {0: 400, 1: 400, 2: 400} total=1200 spalling_ratio=24.33%
[plain_segformer_P0_seed42] [sampler] unique: {0: 400, 1: 400, 2: 400} unique_total=1200 dup_ratio=1.00x
[plain_segformer_P0_seed42] [epoch 008/100] remain=92 epochs ep_eta=83.5min (avg 54s/ep)
[plain_segformer_P0_seed42] [epoch 008/100] lr=0.000060  dt=51.0s
  train loss=0.2341  ce=0.1374 dice=0.3308  tversky=0.0000 bd=0.0000  cldice=0.0000 snake=0.0000
  val   skipped (next val at epoch 10)
[plain_segformer_P0_seed42] [curriculum] epoch 9: stage=0 tiers=[0] pool={0: 400, 1: 0, 2: 0}
  [plain_segformer_P0_seed42] [epoch 9/100] batch 30/300 (10%) loss=0.2636 elapsed=5s eta=48s
  [plain_segformer_P0_seed42] [epoch 9/100] batch 60/300 (20%) loss=0.2500 elapsed=10s eta=41s
  [plain_segformer_P0_seed42] [epoch 9/100] batch 90/300 (30%) loss=0.2489 elapsed=15s eta=36s
  [plain_segformer_P0_seed42] [epoch 9/100] batch 120/300 (40%) loss=0.2421 elapsed=20s eta=31s
  [plain_segformer_P0_seed42] [epoch 9/100] batch 150/300 (50%) loss=0.2353 elapsed=26s eta=26s
  [plain_segformer_P0_seed42] [epoch 9/100] batch 180/300 (60%) loss=0.2329 elapsed=31s eta=20s
  [plain_segformer_P0_seed42] [epoch 9/100] batch 210/300 (70%) loss=0.2305 elapsed=36s eta=15s
  [plain_segformer_P0_seed42] [epoch 9/100] batch 240/300 (80%) loss=0.2312 elapsed=41s eta=10s
  [plain_segformer_P0_seed42] [epoch 9/100] batch 270/300 (90%) loss=0.2301 elapsed=46s eta=5s
  [plain_segformer_P0_seed42] [epoch 9/100] batch 300/300 (100%) loss=0.2303 elapsed=51s eta=0s
[plain_segformer_P0_seed42] [sampler] sampled: {0: 400, 1: 400, 2: 400} total=1200 spalling_ratio=24.33%
[plain_segformer_P0_seed42] [sampler] unique: {0: 400, 1: 400, 2: 400} unique_total=1200 dup_ratio=1.00x
[plain_segformer_P0_seed42] [epoch 009/100] remain=91 epochs ep_eta=82.1min (avg 54s/ep)
[plain_segformer_P0_seed42] [epoch 009/100] lr=0.000060  dt=51.3s
  train loss=0.2303  ce=0.1402 dice=0.3203  tversky=0.0000 bd=0.0000  cldice=0.0000 snake=0.0000
  val   skipped (next val at epoch 10)
[plain_segformer_P0_seed42] [curriculum] epoch 10: stage=0 tiers=[0] pool={0: 400, 1: 0, 2: 0}
  [plain_segformer_P0_seed42] [epoch 10/100] batch 30/300 (10%) loss=0.2071 elapsed=5s eta=49s
  [plain_segformer_P0_seed42] [epoch 10/100] batch 60/300 (20%) loss=0.2053 elapsed=10s eta=42s
  [plain_segformer_P0_seed42] [epoch 10/100] batch 90/300 (30%) loss=0.2069 elapsed=16s eta=37s
  [plain_segformer_P0_seed42] [epoch 10/100] batch 120/300 (40%) loss=0.2038 elapsed=21s eta=31s
  [plain_segformer_P0_seed42] [epoch 10/100] batch 150/300 (50%) loss=0.2145 elapsed=26s eta=26s
  [plain_segformer_P0_seed42] [epoch 10/100] batch 180/300 (60%) loss=0.2125 elapsed=31s eta=21s
  [plain_segformer_P0_seed42] [epoch 10/100] batch 210/300 (70%) loss=0.2091 elapsed=36s eta=15s
  [plain_segformer_P0_seed42] [epoch 10/100] batch 240/300 (80%) loss=0.2099 elapsed=41s eta=10s
  [plain_segformer_P0_seed42] [epoch 10/100] batch 270/300 (90%) loss=0.2126 elapsed=46s eta=5s
  [plain_segformer_P0_seed42] [epoch 10/100] batch 300/300 (100%) loss=0.2131 elapsed=51s eta=0s
[plain_segformer_P0_seed42] [sampler] sampled: {0: 400, 1: 400, 2: 400} total=1200 spalling_ratio=24.33%
[plain_segformer_P0_seed42] [sampler] unique: {0: 400, 1: 400, 2: 400} unique_total=1200 dup_ratio=1.00x
[plain_segformer_P0_seed42] [epoch 010/100] remain=90 epochs ep_eta=81.6min (avg 54s/ep)
[plain_segformer_P0_seed42] [epoch 010/100] lr=0.000060  dt=56.3s
  train loss=0.2131  ce=0.1318 dice=0.2944  tversky=0.0000 bd=0.0000  cldice=0.0000 snake=0.0000
  val   loss=0.2356
  IoU   bg=0.9744  crack=0.5496  spalling=0.7516  | mIoU_fg=0.6506  pix_acc=0.9748
  Dice  bg=0.9870  crack=0.7093  spalling=0.8582
  BF1   crack=0.7031  spalling=0.5530  | BF1_fg_mean=0.6280
  [plain_segformer_P0_seed42] [best] mIoU_fg=0.6506  saved -> best.pt
[plain_segformer_P0_seed42] [curriculum] epoch 11: stage=0 tiers=[0] pool={0: 400, 1: 0, 2: 0}
  [plain_segformer_P0_seed42] [epoch 11/100] batch 30/300 (10%) loss=0.1971 elapsed=6s eta=50s
  [plain_segformer_P0_seed42] [epoch 11/100] batch 60/300 (20%) loss=0.2190 elapsed=11s eta=43s
  [plain_segformer_P0_seed42] [epoch 11/100] batch 90/300 (30%) loss=0.2202 elapsed=16s eta=38s
  [plain_segformer_P0_seed42] [epoch 11/100] batch 120/300 (40%) loss=0.2188 elapsed=21s eta=32s
  [plain_segformer_P0_seed42] [epoch 11/100] batch 150/300 (50%) loss=0.2231 elapsed=27s eta=27s
  [plain_segformer_P0_seed42] [epoch 11/100] batch 180/300 (60%) loss=0.2204 elapsed=32s eta=21s
  [plain_segformer_P0_seed42] [epoch 11/100] batch 210/300 (70%) loss=0.2189 elapsed=37s eta=16s
  [plain_segformer_P0_seed42] [epoch 11/100] batch 240/300 (80%) loss=0.2213 elapsed=43s eta=11s
  [plain_segformer_P0_seed42] [epoch 11/100] batch 270/300 (90%) loss=0.2221 elapsed=48s eta=5s
  [plain_segformer_P0_seed42] [epoch 11/100] batch 300/300 (100%) loss=0.2204 elapsed=53s eta=0s
[plain_segformer_P0_seed42] [sampler] sampled: {0: 400, 1: 400, 2: 400} total=1200 spalling_ratio=24.33%
[plain_segformer_P0_seed42] [sampler] unique: {0: 400, 1: 400, 2: 400} unique_total=1200 dup_ratio=1.00x
[plain_segformer_P0_seed42] [epoch 011/100] remain=89 epochs ep_eta=80.7min (avg 54s/ep)
[plain_segformer_P0_seed42] [epoch 011/100] lr=0.000059  dt=52.8s
  train loss=0.2204  ce=0.1346 dice=0.3062  tversky=0.0000 bd=0.0000  cldice=0.0000 snake=0.0000
  val   skipped (next val at epoch 15)
[plain_segformer_P0_seed42] [curriculum] epoch 12: stage=0 tiers=[0] pool={0: 400, 1: 0, 2: 0}
  [plain_segformer_P0_seed42] [epoch 12/100] batch 30/300 (10%) loss=0.1940 elapsed=5s eta=48s
  [plain_segformer_P0_seed42] [epoch 12/100] batch 60/300 (20%) loss=0.1924 elapsed=10s eta=41s
  [plain_segformer_P0_seed42] [epoch 12/100] batch 90/300 (30%) loss=0.1917 elapsed=15s eta=36s
  [plain_segformer_P0_seed42] [epoch 12/100] batch 120/300 (40%) loss=0.1931 elapsed=20s eta=31s
  [plain_segformer_P0_seed42] [epoch 12/100] batch 150/300 (50%) loss=0.1972 elapsed=25s eta=25s
  [plain_segformer_P0_seed42] [epoch 12/100] batch 180/300 (60%) loss=0.1983 elapsed=30s eta=20s
  [plain_segformer_P0_seed42] [epoch 12/100] batch 210/300 (70%) loss=0.1982 elapsed=35s eta=15s
  [plain_segformer_P0_seed42] [epoch 12/100] batch 240/300 (80%) loss=0.2004 elapsed=40s eta=10s
  [plain_segformer_P0_seed42] [epoch 12/100] batch 270/300 (90%) loss=0.2016 elapsed=45s eta=5s
  [plain_segformer_P0_seed42] [epoch 12/100] batch 300/300 (100%) loss=0.2012 elapsed=50s eta=0s
[plain_segformer_P0_seed42] [sampler] sampled: {0: 400, 1: 400, 2: 400} total=1200 spalling_ratio=24.33%
[plain_segformer_P0_seed42] [sampler] unique: {0: 400, 1: 400, 2: 400} unique_total=1200 dup_ratio=1.00x
[plain_segformer_P0_seed42] [epoch 012/100] remain=88 epochs ep_eta=79.4min (avg 54s/ep)
[plain_segformer_P0_seed42] [epoch 012/100] lr=0.000059  dt=50.5s
  train loss=0.2012  ce=0.1261 dice=0.2763  tversky=0.0000 bd=0.0000  cldice=0.0000 snake=0.0000
  val   skipped (next val at epoch 15)
[plain_segformer_P0_seed42] [curriculum] epoch 13: stage=0 tiers=[0] pool={0: 400, 1: 0, 2: 0}
  [plain_segformer_P0_seed42] [epoch 13/100] batch 30/300 (10%) loss=0.1990 elapsed=5s eta=47s
  [plain_segformer_P0_seed42] [epoch 13/100] batch 60/300 (20%) loss=0.1903 elapsed=10s eta=41s
  [plain_segformer_P0_seed42] [epoch 13/100] batch 90/300 (30%) loss=0.1914 elapsed=15s eta=35s
  [plain_segformer_P0_seed42] [epoch 13/100] batch 120/300 (40%) loss=0.1934 elapsed=20s eta=30s
  [plain_segformer_P0_seed42] [epoch 13/100] batch 150/300 (50%) loss=0.1944 elapsed=25s eta=25s
  [plain_segformer_P0_seed42] [epoch 13/100] batch 180/300 (60%) loss=0.1940 elapsed=30s eta=20s
  [plain_segformer_P0_seed42] [epoch 13/100] batch 210/300 (70%) loss=0.1963 elapsed=35s eta=15s
  [plain_segformer_P0_seed42] [epoch 13/100] batch 240/300 (80%) loss=0.1970 elapsed=40s eta=10s
  [plain_segformer_P0_seed42] [epoch 13/100] batch 270/300 (90%) loss=0.1950 elapsed=45s eta=5s
  [plain_segformer_P0_seed42] [epoch 13/100] batch 300/300 (100%) loss=0.1945 elapsed=50s eta=0s
[plain_segformer_P0_seed42] [sampler] sampled: {0: 400, 1: 400, 2: 400} total=1200 spalling_ratio=24.33%
[plain_segformer_P0_seed42] [sampler] unique: {0: 400, 1: 400, 2: 400} unique_total=1200 dup_ratio=1.00x
[plain_segformer_P0_seed42] [epoch 013/100] remain=87 epochs ep_eta=78.1min (avg 54s/ep)
[plain_segformer_P0_seed42] [epoch 013/100] lr=0.000059  dt=50.2s
  train loss=0.1945  ce=0.1212 dice=0.2677  tversky=0.0000 bd=0.0000  cldice=0.0000 snake=0.0000
  val   skipped (next val at epoch 15)
[plain_segformer_P0_seed42] [curriculum] epoch 14: stage=0 tiers=[0] pool={0: 400, 1: 0, 2: 0}
  [plain_segformer_P0_seed42] [epoch 14/100] batch 30/300 (10%) loss=0.1906 elapsed=5s eta=49s
  [plain_segformer_P0_seed42] [epoch 14/100] batch 60/300 (20%) loss=0.1905 elapsed=11s eta=42s
  [plain_segformer_P0_seed42] [epoch 14/100] batch 90/300 (30%) loss=0.1894 elapsed=16s eta=36s
  [plain_segformer_P0_seed42] [epoch 14/100] batch 120/300 (40%) loss=0.1930 elapsed=21s eta=31s
  [plain_segformer_P0_seed42] [epoch 14/100] batch 150/300 (50%) loss=0.1903 elapsed=26s eta=26s
  [plain_segformer_P0_seed42] [epoch 14/100] batch 180/300 (60%) loss=0.1952 elapsed=31s eta=20s
  [plain_segformer_P0_seed42] [epoch 14/100] batch 210/300 (70%) loss=0.1953 elapsed=36s eta=15s
  [plain_segformer_P0_seed42] [epoch 14/100] batch 240/300 (80%) loss=0.1933 elapsed=41s eta=10s
  [plain_segformer_P0_seed42] [epoch 14/100] batch 270/300 (90%) loss=0.1944 elapsed=46s eta=5s
  [plain_segformer_P0_seed42] [epoch 14/100] batch 300/300 (100%) loss=0.1950 elapsed=51s eta=0s
[plain_segformer_P0_seed42] [sampler] sampled: {0: 400, 1: 400, 2: 400} total=1200 spalling_ratio=24.33%
[plain_segformer_P0_seed42] [sampler] unique: {0: 400, 1: 400, 2: 400} unique_total=1200 dup_ratio=1.00x
[plain_segformer_P0_seed42] [epoch 014/100] remain=86 epochs ep_eta=77.0min (avg 54s/ep)
[plain_segformer_P0_seed42] [epoch 014/100] lr=0.000059  dt=50.9s
  train loss=0.1950  ce=0.1222 dice=0.2678  tversky=0.0000 bd=0.0000  cldice=0.0000 snake=0.0000
  val   skipped (next val at epoch 15)
[plain_segformer_P0_seed42] [curriculum] epoch 15: stage=0 tiers=[0] pool={0: 400, 1: 0, 2: 0}
  [plain_segformer_P0_seed42] [epoch 15/100] batch 30/300 (10%) loss=0.2025 elapsed=5s eta=49s
  [plain_segformer_P0_seed42] [epoch 15/100] batch 60/300 (20%) loss=0.2019 elapsed=10s eta=41s
  [plain_segformer_P0_seed42] [epoch 15/100] batch 90/300 (30%) loss=0.2065 elapsed=15s eta=36s
  [plain_segformer_P0_seed42] [epoch 15/100] batch 120/300 (40%) loss=0.2036 elapsed=20s eta=31s
  [plain_segformer_P0_seed42] [epoch 15/100] batch 150/300 (50%) loss=0.2001 elapsed=25s eta=25s
  [plain_segformer_P0_seed42] [epoch 15/100] batch 180/300 (60%) loss=0.1964 elapsed=31s eta=20s
  [plain_segformer_P0_seed42] [epoch 15/100] batch 210/300 (70%) loss=0.1946 elapsed=35s eta=15s
  [plain_segformer_P0_seed42] [epoch 15/100] batch 240/300 (80%) loss=0.1954 elapsed=41s eta=10s
  [plain_segformer_P0_seed42] [epoch 15/100] batch 270/300 (90%) loss=0.1948 elapsed=46s eta=5s
  [plain_segformer_P0_seed42] [epoch 15/100] batch 300/300 (100%) loss=0.1936 elapsed=51s eta=0s
[plain_segformer_P0_seed42] [sampler] sampled: {0: 400, 1: 400, 2: 400} total=1200 spalling_ratio=24.33%
[plain_segformer_P0_seed42] [sampler] unique: {0: 400, 1: 400, 2: 400} unique_total=1200 dup_ratio=1.00x
[plain_segformer_P0_seed42] [epoch 015/100] remain=85 epochs ep_eta=76.3min (avg 54s/ep)
[plain_segformer_P0_seed42] [epoch 015/100] lr=0.000058  dt=55.4s
  train loss=0.1936  ce=0.1216 dice=0.2657  tversky=0.0000 bd=0.0000  cldice=0.0000 snake=0.0000
  val   loss=0.2374
  IoU   bg=0.9741  crack=0.5586  spalling=0.7687  | mIoU_fg=0.6636  pix_acc=0.9747
  Dice  bg=0.9869  crack=0.7168  spalling=0.8692
  BF1   crack=0.7074  spalling=0.5609  | BF1_fg_mean=0.6341
  [plain_segformer_P0_seed42] [best] mIoU_fg=0.6636  saved -> best.pt
[plain_segformer_P0_seed42] [curriculum] epoch 16: stage=0 tiers=[0] pool={0: 400, 1: 0, 2: 0}
  [plain_segformer_P0_seed42] [epoch 16/100] batch 30/300 (10%) loss=0.1808 elapsed=5s eta=48s
  [plain_segformer_P0_seed42] [epoch 16/100] batch 60/300 (20%) loss=0.1865 elapsed=10s eta=42s
  [plain_segformer_P0_seed42] [epoch 16/100] batch 90/300 (30%) loss=0.1960 elapsed=15s eta=36s
  [plain_segformer_P0_seed42] [epoch 16/100] batch 120/300 (40%) loss=0.1963 elapsed=20s eta=31s
  [plain_segformer_P0_seed42] [epoch 16/100] batch 150/300 (50%) loss=0.1957 elapsed=25s eta=25s
  [plain_segformer_P0_seed42] [epoch 16/100] batch 180/300 (60%) loss=0.1945 elapsed=30s eta=20s
  [plain_segformer_P0_seed42] [epoch 16/100] batch 210/300 (70%) loss=0.1946 elapsed=35s eta=15s
  [plain_segformer_P0_seed42] [epoch 16/100] batch 240/300 (80%) loss=0.1914 elapsed=41s eta=10s
  [plain_segformer_P0_seed42] [epoch 16/100] batch 270/300 (90%) loss=0.1917 elapsed=46s eta=5s
  [plain_segformer_P0_seed42] [epoch 16/100] batch 300/300 (100%) loss=0.1932 elapsed=51s eta=0s
[plain_segformer_P0_seed42] [sampler] sampled: {0: 400, 1: 400, 2: 400} total=1200 spalling_ratio=24.33%
[plain_segformer_P0_seed42] [sampler] unique: {0: 400, 1: 400, 2: 400} unique_total=1200 dup_ratio=1.00x
[plain_segformer_P0_seed42] [epoch 016/100] remain=84 epochs ep_eta=75.2min (avg 54s/ep)
[plain_segformer_P0_seed42] [epoch 016/100] lr=0.000058  dt=50.7s
  train loss=0.1932  ce=0.1220 dice=0.2643  tversky=0.0000 bd=0.0000  cldice=0.0000 snake=0.0000
  val   skipped (next val at epoch 20)
[plain_segformer_P0_seed42] [curriculum] epoch 17: stage=0 tiers=[0] pool={0: 400, 1: 0, 2: 0}
  [plain_segformer_P0_seed42] [epoch 17/100] batch 30/300 (10%) loss=0.1847 elapsed=5s eta=48s
  [plain_segformer_P0_seed42] [epoch 17/100] batch 60/300 (20%) loss=0.1902 elapsed=10s eta=41s
  [plain_segformer_P0_seed42] [epoch 17/100] batch 90/300 (30%) loss=0.1898 elapsed=15s eta=36s
  [plain_segformer_P0_seed42] [epoch 17/100] batch 120/300 (40%) loss=0.1871 elapsed=20s eta=31s
  [plain_segformer_P0_seed42] [epoch 17/100] batch 150/300 (50%) loss=0.1842 elapsed=25s eta=25s
  [plain_segformer_P0_seed42] [epoch 17/100] batch 180/300 (60%) loss=0.1810 elapsed=31s eta=20s
  [plain_segformer_P0_seed42] [epoch 17/100] batch 210/300 (70%) loss=0.1822 elapsed=36s eta=15s
  [plain_segformer_P0_seed42] [epoch 17/100] batch 240/300 (80%) loss=0.1820 elapsed=41s eta=10s
  [plain_segformer_P0_seed42] [epoch 17/100] batch 270/300 (90%) loss=0.1831 elapsed=46s eta=5s
  [plain_segformer_P0_seed42] [epoch 17/100] batch 300/300 (100%) loss=0.1833 elapsed=51s eta=0s
[plain_segformer_P0_seed42] [sampler] sampled: {0: 400, 1: 400, 2: 400} total=1200 spalling_ratio=24.33%
[plain_segformer_P0_seed42] [sampler] unique: {0: 400, 1: 400, 2: 400} unique_total=1200 dup_ratio=1.00x
[plain_segformer_P0_seed42] [epoch 017/100] remain=83 epochs ep_eta=74.1min (avg 54s/ep)
[plain_segformer_P0_seed42] [epoch 017/100] lr=0.000058  dt=50.7s
  train loss=0.1833  ce=0.1153 dice=0.2513  tversky=0.0000 bd=0.0000  cldice=0.0000 snake=0.0000
  val   skipped (next val at epoch 20)
[plain_segformer_P0_seed42] [curriculum] epoch 18: stage=0 tiers=[0] pool={0: 400, 1: 0, 2: 0}
  [plain_segformer_P0_seed42] [epoch 18/100] batch 30/300 (10%) loss=0.1872 elapsed=5s eta=48s
  [plain_segformer_P0_seed42] [epoch 18/100] batch 60/300 (20%) loss=0.1921 elapsed=10s eta=41s
  [plain_segformer_P0_seed42] [epoch 18/100] batch 90/300 (30%) loss=0.1852 elapsed=15s eta=36s
  [plain_segformer_P0_seed42] [epoch 18/100] batch 120/300 (40%) loss=0.1867 elapsed=20s eta=31s
  [plain_segformer_P0_seed42] [epoch 18/100] batch 150/300 (50%) loss=0.1877 elapsed=26s eta=26s
  [plain_segformer_P0_seed42] [epoch 18/100] batch 180/300 (60%) loss=0.1859 elapsed=31s eta=20s
  [plain_segformer_P0_seed42] [epoch 18/100] batch 210/300 (70%) loss=0.1846 elapsed=36s eta=15s
  [plain_segformer_P0_seed42] [epoch 18/100] batch 240/300 (80%) loss=0.1852 elapsed=41s eta=10s
  [plain_segformer_P0_seed42] [epoch 18/100] batch 270/300 (90%) loss=0.1838 elapsed=46s eta=5s
  [plain_segformer_P0_seed42] [epoch 18/100] batch 300/300 (100%) loss=0.1867 elapsed=51s eta=0s
[plain_segformer_P0_seed42] [sampler] sampled: {0: 400, 1: 400, 2: 400} total=1200 spalling_ratio=24.33%
[plain_segformer_P0_seed42] [sampler] unique: {0: 400, 1: 400, 2: 400} unique_total=1200 dup_ratio=1.00x
[plain_segformer_P0_seed42] [epoch 018/100] remain=82 epochs ep_eta=73.1min (avg 53s/ep)
[plain_segformer_P0_seed42] [epoch 018/100] lr=0.000057  dt=51.1s
  train loss=0.1867  ce=0.1160 dice=0.2575  tversky=0.0000 bd=0.0000  cldice=0.0000 snake=0.0000
  val   skipped (next val at epoch 20)
[plain_segformer_P0_seed42] [curriculum] epoch 19: stage=0 tiers=[0] pool={0: 400, 1: 0, 2: 0}
  [plain_segformer_P0_seed42] [epoch 19/100] batch 30/300 (10%) loss=0.1796 elapsed=5s eta=48s
  [plain_segformer_P0_seed42] [epoch 19/100] batch 60/300 (20%) loss=0.1855 elapsed=10s eta=41s
  [plain_segformer_P0_seed42] [epoch 19/100] batch 90/300 (30%) loss=0.1843 elapsed=15s eta=36s
  [plain_segformer_P0_seed42] [epoch 19/100] batch 120/300 (40%) loss=0.1805 elapsed=20s eta=30s
  [plain_segformer_P0_seed42] [epoch 19/100] batch 150/300 (50%) loss=0.1766 elapsed=26s eta=26s
  [plain_segformer_P0_seed42] [epoch 19/100] batch 180/300 (60%) loss=0.1768 elapsed=31s eta=20s
  [plain_segformer_P0_seed42] [epoch 19/100] batch 210/300 (70%) loss=0.1763 elapsed=35s eta=15s
  [plain_segformer_P0_seed42] [epoch 19/100] batch 240/300 (80%) loss=0.1759 elapsed=40s eta=10s
  [plain_segformer_P0_seed42] [epoch 19/100] batch 270/300 (90%) loss=0.1756 elapsed=45s eta=5s
  [plain_segformer_P0_seed42] [epoch 19/100] batch 300/300 (100%) loss=0.1779 elapsed=50s eta=0s
[plain_segformer_P0_seed42] [sampler] sampled: {0: 400, 1: 400, 2: 400} total=1200 spalling_ratio=24.33%
[plain_segformer_P0_seed42] [sampler] unique: {0: 400, 1: 400, 2: 400} unique_total=1200 dup_ratio=1.00x
[plain_segformer_P0_seed42] [epoch 019/100] remain=81 epochs ep_eta=72.0min (avg 53s/ep)
[plain_segformer_P0_seed42] [epoch 019/100] lr=0.000057  dt=50.5s
  train loss=0.1779  ce=0.1128 dice=0.2430  tversky=0.0000 bd=0.0000  cldice=0.0000 snake=0.0000
  val   skipped (next val at epoch 20)
[plain_segformer_P0_seed42] [curriculum] epoch 20: stage=0 tiers=[0] pool={0: 400, 1: 0, 2: 0}
  [plain_segformer_P0_seed42] [epoch 20/100] batch 30/300 (10%) loss=0.1859 elapsed=5s eta=48s
  [plain_segformer_P0_seed42] [epoch 20/100] batch 60/300 (20%) loss=0.1719 elapsed=10s eta=41s
  [plain_segformer_P0_seed42] [epoch 20/100] batch 90/300 (30%) loss=0.1724 elapsed=15s eta=36s
  [plain_segformer_P0_seed42] [epoch 20/100] batch 120/300 (40%) loss=0.1715 elapsed=20s eta=30s
  [plain_segformer_P0_seed42] [epoch 20/100] batch 150/300 (50%) loss=0.1706 elapsed=25s eta=25s
  [plain_segformer_P0_seed42] [epoch 20/100] batch 180/300 (60%) loss=0.1730 elapsed=30s eta=20s
  [plain_segformer_P0_seed42] [epoch 20/100] batch 210/300 (70%) loss=0.1739 elapsed=35s eta=15s
  [plain_segformer_P0_seed42] [epoch 20/100] batch 240/300 (80%) loss=0.1761 elapsed=40s eta=10s
  [plain_segformer_P0_seed42] [epoch 20/100] batch 270/300 (90%) loss=0.1761 elapsed=45s eta=5s
  [plain_segformer_P0_seed42] [epoch 20/100] batch 300/300 (100%) loss=0.1775 elapsed=50s eta=0s
[plain_segformer_P0_seed42] [sampler] sampled: {0: 400, 1: 400, 2: 400} total=1200 spalling_ratio=24.33%
[plain_segformer_P0_seed42] [sampler] unique: {0: 400, 1: 400, 2: 400} unique_total=1200 dup_ratio=1.00x
[plain_segformer_P0_seed42] [epoch 020/100] remain=80 epochs ep_eta=71.3min (avg 53s/ep)
[plain_segformer_P0_seed42] [epoch 020/100] lr=0.000056  dt=54.7s
  train loss=0.1775  ce=0.1102 dice=0.2449  tversky=0.0000 bd=0.0000  cldice=0.0000 snake=0.0000
  val   loss=0.2573
  IoU   bg=0.9737  crack=0.5531  spalling=0.7568  | mIoU_fg=0.6549  pix_acc=0.9742
  Dice  bg=0.9867  crack=0.7122  spalling=0.8615
  BF1   crack=0.7156  spalling=0.5550  | BF1_fg_mean=0.6353
[plain_segformer_P0_seed42] [curriculum] epoch 21: stage=0 tiers=[0] pool={0: 400, 1: 0, 2: 0}
  [plain_segformer_P0_seed42] [epoch 21/100] batch 30/300 (10%) loss=0.1665 elapsed=5s eta=48s
  [plain_segformer_P0_seed42] [epoch 21/100] batch 60/300 (20%) loss=0.1774 elapsed=10s eta=41s
  [plain_segformer_P0_seed42] [epoch 21/100] batch 90/300 (30%) loss=0.1841 elapsed=16s eta=36s
  [plain_segformer_P0_seed42] [epoch 21/100] batch 120/300 (40%) loss=0.1825 elapsed=20s eta=31s
  [plain_segformer_P0_seed42] [epoch 21/100] batch 150/300 (50%) loss=0.1841 elapsed=25s eta=25s
  [plain_segformer_P0_seed42] [epoch 21/100] batch 180/300 (60%) loss=0.1839 elapsed=30s eta=20s
  [plain_segformer_P0_seed42] [epoch 21/100] batch 210/300 (70%) loss=0.1843 elapsed=36s eta=15s
  [plain_segformer_P0_seed42] [epoch 21/100] batch 240/300 (80%) loss=0.1815 elapsed=40s eta=10s
  [plain_segformer_P0_seed42] [epoch 21/100] batch 270/300 (90%) loss=0.1817 elapsed=45s eta=5s
  [plain_segformer_P0_seed42] [epoch 21/100] batch 300/300 (100%) loss=0.1791 elapsed=50s eta=0s
[plain_segformer_P0_seed42] [sampler] sampled: {0: 400, 1: 400, 2: 400} total=1200 spalling_ratio=24.33%
[plain_segformer_P0_seed42] [sampler] unique: {0: 400, 1: 400, 2: 400} unique_total=1200 dup_ratio=1.00x
[plain_segformer_P0_seed42] [epoch 021/100] remain=79 epochs ep_eta=70.3min (avg 53s/ep)
[plain_segformer_P0_seed42] [epoch 021/100] lr=0.000056  dt=50.6s
  train loss=0.1791  ce=0.1141 dice=0.2441  tversky=0.0000 bd=0.0000  cldice=0.0000 snake=0.0000
  val   skipped (next val at epoch 25)
[plain_segformer_P0_seed42] [curriculum] epoch 22: stage=0 tiers=[0] pool={0: 400, 1: 0, 2: 0}
  [plain_segformer_P0_seed42] [epoch 22/100] batch 30/300 (10%) loss=0.1676 elapsed=5s eta=47s
  [plain_segformer_P0_seed42] [epoch 22/100] batch 60/300 (20%) loss=0.1631 elapsed=10s eta=41s
  [plain_segformer_P0_seed42] [epoch 22/100] batch 90/300 (30%) loss=0.1644 elapsed=15s eta=36s
  [plain_segformer_P0_seed42] [epoch 22/100] batch 120/300 (40%) loss=0.1744 elapsed=20s eta=31s
  [plain_segformer_P0_seed42] [epoch 22/100] batch 150/300 (50%) loss=0.1812 elapsed=25s eta=25s
  [plain_segformer_P0_seed42] [epoch 22/100] batch 180/300 (60%) loss=0.1795 elapsed=31s eta=20s
  [plain_segformer_P0_seed42] [epoch 22/100] batch 210/300 (70%) loss=0.1803 elapsed=36s eta=15s
  [plain_segformer_P0_seed42] [epoch 22/100] batch 240/300 (80%) loss=0.1797 elapsed=41s eta=10s
  [plain_segformer_P0_seed42] [epoch 22/100] batch 270/300 (90%) loss=0.1818 elapsed=46s eta=5s
  [plain_segformer_P0_seed42] [epoch 22/100] batch 300/300 (100%) loss=0.1823 elapsed=51s eta=0s
[plain_segformer_P0_seed42] [sampler] sampled: {0: 400, 1: 400, 2: 400} total=1200 spalling_ratio=24.33%
[plain_segformer_P0_seed42] [sampler] unique: {0: 400, 1: 400, 2: 400} unique_total=1200 dup_ratio=1.00x
[plain_segformer_P0_seed42] [epoch 022/100] remain=78 epochs ep_eta=69.3min (avg 53s/ep)
[plain_segformer_P0_seed42] [epoch 022/100] lr=0.000055  dt=51.5s
  train loss=0.1823  ce=0.1153 dice=0.2492  tversky=0.0000 bd=0.0000  cldice=0.0000 snake=0.0000
  val   skipped (next val at epoch 25)
[plain_segformer_P0_seed42] [curriculum] epoch 23: stage=0 tiers=[0] pool={0: 400, 1: 0, 2: 0}
  [plain_segformer_P0_seed42] [epoch 23/100] batch 30/300 (10%) loss=0.1827 elapsed=5s eta=49s
  [plain_segformer_P0_seed42] [epoch 23/100] batch 60/300 (20%) loss=0.1736 elapsed=10s eta=42s
  [plain_segformer_P0_seed42] [epoch 23/100] batch 90/300 (30%) loss=0.1733 elapsed=15s eta=36s
  [plain_segformer_P0_seed42] [epoch 23/100] batch 120/300 (40%) loss=0.1749 elapsed=21s eta=31s
  [plain_segformer_P0_seed42] [epoch 23/100] batch 150/300 (50%) loss=0.1717 elapsed=26s eta=26s
  [plain_segformer_P0_seed42] [epoch 23/100] batch 180/300 (60%) loss=0.1709 elapsed=31s eta=21s
  [plain_segformer_P0_seed42] [epoch 23/100] batch 210/300 (70%) loss=0.1715 elapsed=36s eta=15s
  [plain_segformer_P0_seed42] [epoch 23/100] batch 240/300 (80%) loss=0.1711 elapsed=41s eta=10s
  [plain_segformer_P0_seed42] [epoch 23/100] batch 270/300 (90%) loss=0.1697 elapsed=46s eta=5s
  [plain_segformer_P0_seed42] [epoch 23/100] batch 300/300 (100%) loss=0.1694 elapsed=51s eta=0s
[plain_segformer_P0_seed42] [sampler] sampled: {0: 400, 1: 400, 2: 400} total=1200 spalling_ratio=24.33%
[plain_segformer_P0_seed42] [sampler] unique: {0: 400, 1: 400, 2: 400} unique_total=1200 dup_ratio=1.00x
[plain_segformer_P0_seed42] [epoch 023/100] remain=77 epochs ep_eta=68.3min (avg 53s/ep)
[plain_segformer_P0_seed42] [epoch 023/100] lr=0.000055  dt=51.1s
  train loss=0.1694  ce=0.1048 dice=0.2340  tversky=0.0000 bd=0.0000  cldice=0.0000 snake=0.0000
  val   skipped (next val at epoch 25)
[plain_segformer_P0_seed42] [curriculum] epoch 24: stage=0 tiers=[0] pool={0: 400, 1: 0, 2: 0}
  [plain_segformer_P0_seed42] [epoch 24/100] batch 30/300 (10%) loss=0.1648 elapsed=5s eta=46s
  [plain_segformer_P0_seed42] [epoch 24/100] batch 60/300 (20%) loss=0.1584 elapsed=10s eta=41s
  [plain_segformer_P0_seed42] [epoch 24/100] batch 90/300 (30%) loss=0.1609 elapsed=15s eta=35s
  [plain_segformer_P0_seed42] [epoch 24/100] batch 120/300 (40%) loss=0.1636 elapsed=20s eta=30s
  [plain_segformer_P0_seed42] [epoch 24/100] batch 150/300 (50%) loss=0.1659 elapsed=25s eta=25s
  [plain_segformer_P0_seed42] [epoch 24/100] batch 180/300 (60%) loss=0.1650 elapsed=30s eta=20s
  [plain_segformer_P0_seed42] [epoch 24/100] batch 210/300 (70%) loss=0.1672 elapsed=35s eta=15s
  [plain_segformer_P0_seed42] [epoch 24/100] batch 240/300 (80%) loss=0.1691 elapsed=40s eta=10s
  [plain_segformer_P0_seed42] [epoch 24/100] batch 270/300 (90%) loss=0.1689 elapsed=45s eta=5s
  [plain_segformer_P0_seed42] [epoch 24/100] batch 300/300 (100%) loss=0.1685 elapsed=50s eta=0s
[plain_segformer_P0_seed42] [sampler] sampled: {0: 400, 1: 400, 2: 400} total=1200 spalling_ratio=24.33%
[plain_segformer_P0_seed42] [sampler] unique: {0: 400, 1: 400, 2: 400} unique_total=1200 dup_ratio=1.00x
[plain_segformer_P0_seed42] [epoch 024/100] remain=76 epochs ep_eta=67.3min (avg 53s/ep)
[plain_segformer_P0_seed42] [epoch 024/100] lr=0.000054  dt=50.2s
  train loss=0.1685  ce=0.1064 dice=0.2306  tversky=0.0000 bd=0.0000  cldice=0.0000 snake=0.0000
  val   skipped (next val at epoch 25)
[plain_segformer_P0_seed42] [curriculum] epoch 25: stage=0 tiers=[0] pool={0: 400, 1: 0, 2: 0}
  [plain_segformer_P0_seed42] [epoch 25/100] batch 30/300 (10%) loss=0.1854 elapsed=5s eta=47s
  [plain_segformer_P0_seed42] [epoch 25/100] batch 60/300 (20%) loss=0.1691 elapsed=10s eta=41s
  [plain_segformer_P0_seed42] [epoch 25/100] batch 90/300 (30%) loss=0.1670 elapsed=15s eta=36s
  [plain_segformer_P0_seed42] [epoch 25/100] batch 120/300 (40%) loss=0.1684 elapsed=20s eta=30s
  [plain_segformer_P0_seed42] [epoch 25/100] batch 150/300 (50%) loss=0.1698 elapsed=25s eta=25s
  [plain_segformer_P0_seed42] [epoch 25/100] batch 180/300 (60%) loss=0.1717 elapsed=30s eta=20s
  [plain_segformer_P0_seed42] [epoch 25/100] batch 210/300 (70%) loss=0.1702 elapsed=36s eta=15s
  [plain_segformer_P0_seed42] [epoch 25/100] batch 240/300 (80%) loss=0.1714 elapsed=41s eta=10s
  [plain_segformer_P0_seed42] [epoch 25/100] batch 270/300 (90%) loss=0.1703 elapsed=46s eta=5s
  [plain_segformer_P0_seed42] [epoch 25/100] batch 300/300 (100%) loss=0.1707 elapsed=51s eta=0s
[plain_segformer_P0_seed42] [sampler] sampled: {0: 400, 1: 400, 2: 400} total=1200 spalling_ratio=24.33%
[plain_segformer_P0_seed42] [sampler] unique: {0: 400, 1: 400, 2: 400} unique_total=1200 dup_ratio=1.00x
[plain_segformer_P0_seed42] [epoch 025/100] remain=75 epochs ep_eta=66.5min (avg 53s/ep)
[plain_segformer_P0_seed42] [epoch 025/100] lr=0.000054  dt=55.3s
  train loss=0.1707  ce=0.1048 dice=0.2366  tversky=0.0000 bd=0.0000  cldice=0.0000 snake=0.0000
  val   loss=0.2279
  IoU   bg=0.9758  crack=0.5614  spalling=0.7960  | mIoU_fg=0.6787  pix_acc=0.9762
  Dice  bg=0.9877  crack=0.7191  spalling=0.8864
  BF1   crack=0.7332  spalling=0.6408  | BF1_fg_mean=0.6870
  [plain_segformer_P0_seed42] [best] mIoU_fg=0.6787  saved -> best.pt
[plain_segformer_P0_seed42] [curriculum] epoch 26: stage=0 tiers=[0] pool={0: 400, 1: 0, 2: 0}
  [plain_segformer_P0_seed42] [epoch 26/100] batch 30/300 (10%) loss=0.1779 elapsed=5s eta=48s
  [plain_segformer_P0_seed42] [epoch 26/100] batch 60/300 (20%) loss=0.1796 elapsed=10s eta=41s
  [plain_segformer_P0_seed42] [epoch 26/100] batch 90/300 (30%) loss=0.1692 elapsed=15s eta=36s
  [plain_segformer_P0_seed42] [epoch 26/100] batch 120/300 (40%) loss=0.1671 elapsed=20s eta=30s
  [plain_segformer_P0_seed42] [epoch 26/100] batch 150/300 (50%) loss=0.1660 elapsed=25s eta=25s
  [plain_segformer_P0_seed42] [epoch 26/100] batch 180/300 (60%) loss=0.1666 elapsed=30s eta=20s
  [plain_segformer_P0_seed42] [epoch 26/100] batch 210/300 (70%) loss=0.1660 elapsed=35s eta=15s
  [plain_segformer_P0_seed42] [epoch 26/100] batch 240/300 (80%) loss=0.1666 elapsed=40s eta=10s
  [plain_segformer_P0_seed42] [epoch 26/100] batch 270/300 (90%) loss=0.1657 elapsed=45s eta=5s
  [plain_segformer_P0_seed42] [epoch 26/100] batch 300/300 (100%) loss=0.1656 elapsed=50s eta=0s
[plain_segformer_P0_seed42] [sampler] sampled: {0: 400, 1: 400, 2: 400} total=1200 spalling_ratio=24.33%
[plain_segformer_P0_seed42] [sampler] unique: {0: 400, 1: 400, 2: 400} unique_total=1200 dup_ratio=1.00x
[plain_segformer_P0_seed42] [epoch 026/100] remain=74 epochs ep_eta=65.6min (avg 53s/ep)
[plain_segformer_P0_seed42] [epoch 026/100] lr=0.000053  dt=49.9s
  train loss=0.1656  ce=0.1040 dice=0.2273  tversky=0.0000 bd=0.0000  cldice=0.0000 snake=0.0000
  val   skipped (next val at epoch 30)
[plain_segformer_P0_seed42] [curriculum] epoch 27: stage=0 tiers=[0] pool={0: 400, 1: 0, 2: 0}
  [plain_segformer_P0_seed42] [epoch 27/100] batch 30/300 (10%) loss=0.1576 elapsed=5s eta=46s
  [plain_segformer_P0_seed42] [epoch 27/100] batch 60/300 (20%) loss=0.1502 elapsed=10s eta=41s
  [plain_segformer_P0_seed42] [epoch 27/100] batch 90/300 (30%) loss=0.1519 elapsed=15s eta=36s
  [plain_segformer_P0_seed42] [epoch 27/100] batch 120/300 (40%) loss=0.1559 elapsed=20s eta=30s
  [plain_segformer_P0_seed42] [epoch 27/100] batch 150/300 (50%) loss=0.1589 elapsed=25s eta=25s
  [plain_segformer_P0_seed42] [epoch 27/100] batch 180/300 (60%) loss=0.1586 elapsed=31s eta=21s
  [plain_segformer_P0_seed42] [epoch 27/100] batch 210/300 (70%) loss=0.1609 elapsed=36s eta=15s
  [plain_segformer_P0_seed42] [epoch 27/100] batch 240/300 (80%) loss=0.1626 elapsed=41s eta=10s
  [plain_segformer_P0_seed42] [epoch 27/100] batch 270/300 (90%) loss=0.1632 elapsed=46s eta=5s
  [plain_segformer_P0_seed42] [epoch 27/100] batch 300/300 (100%) loss=0.1623 elapsed=51s eta=0s
[plain_segformer_P0_seed42] [sampler] sampled: {0: 400, 1: 400, 2: 400} total=1200 spalling_ratio=24.33%
[plain_segformer_P0_seed42] [sampler] unique: {0: 400, 1: 400, 2: 400} unique_total=1200 dup_ratio=1.00x
[plain_segformer_P0_seed42] [epoch 027/100] remain=73 epochs ep_eta=64.6min (avg 53s/ep)
[plain_segformer_P0_seed42] [epoch 027/100] lr=0.000052  dt=50.7s
  train loss=0.1623  ce=0.1025 dice=0.2221  tversky=0.0000 bd=0.0000  cldice=0.0000 snake=0.0000
  val   skipped (next val at epoch 30)
[plain_segformer_P0_seed42] [curriculum] epoch 28: stage=0 tiers=[0] pool={0: 400, 1: 0, 2: 0}
  [plain_segformer_P0_seed42] [epoch 28/100] batch 30/300 (10%) loss=0.1824 elapsed=5s eta=47s
  [plain_segformer_P0_seed42] [epoch 28/100] batch 60/300 (20%) loss=0.1656 elapsed=10s eta=41s
  [plain_segformer_P0_seed42] [epoch 28/100] batch 90/300 (30%) loss=0.1622 elapsed=15s eta=36s
  [plain_segformer_P0_seed42] [epoch 28/100] batch 120/300 (40%) loss=0.1696 elapsed=20s eta=31s
  [plain_segformer_P0_seed42] [epoch 28/100] batch 150/300 (50%) loss=0.1685 elapsed=25s eta=25s
  [plain_segformer_P0_seed42] [epoch 28/100] batch 180/300 (60%) loss=0.1669 elapsed=31s eta=20s
