/usr/local/lib/python3.11/dist-packages/scipy/stats/_wilcoxon.py:199: UserWarning: Sample size too small for normal approximation.
  temp = _wilcoxon_iv(x, y, zero_method, correction, alternative, method, axis)
[stats] Loaded dkd10_no_srl: 150 images
[stats] Loaded dscformer_plain_G0: 150 images

======================================================================
  dkd10_no_srl  vs  dscformer_plain_G0  [overall]
======================================================================
  metric               mean_A   mean_B     diff  95% CI diff             p-val  sig?
  ----------------------------------------------------------------
  IoU_crack            0.5828   0.5739  +0.0089  [+0.0006, +0.0173]    0.0082 *
  IoU_spalling         0.6810   0.6319  +0.0491  [+0.0152, +0.0940]    0.0163 *
  Dice_crack           0.7238   0.7164  +0.0073  [-0.0001, +0.0147]    0.0070 *
  Dice_spalling        0.7387   0.6813  +0.0574  [+0.0143, +0.1140]    0.0156 *
  BF1_crack            0.7556   0.7496  +0.0060  [-0.0023, +0.0141]    0.0457 *
  BF1_spalling         0.6916   0.6631  +0.0285  [-0.0038, +0.0605]    0.0793  
  clDice_crack         0.8329   0.8183  +0.0146  [+0.0058, +0.0231]    0.0000 *
  clDice_spalling      0.9272   0.8961  +0.0311  [+0.0004, +0.0720]    0.1005  
  ConnR_crack          0.8212   0.8383  -0.0171  [-0.0371, +0.0009]    0.0397 *
  ConnR_spalling       0.8378   0.7703  +0.0676  [+0.0000, +0.1487]    0.0956  

======================================================================
  dkd10_no_srl  vs  dscformer_plain_G0  [Easy]
======================================================================
  metric               mean_A   mean_B     diff  95% CI diff             p-val  sig?
  ----------------------------------------------------------------
  IoU_crack            0.6037   0.5984  +0.0053  [-0.0144, +0.0244]    0.4947  
  IoU_spalling         0.7076   0.6457  +0.0619  [+0.0068, +0.1409]    0.0352 *
  Dice_crack           0.7237   0.7201  +0.0036  [-0.0147, +0.0210]    0.4805  
  Dice_spalling        0.7622   0.6920  +0.0702  [+0.0036, +0.1692]    0.0352 *
  BF1_crack            0.7481   0.7442  +0.0039  [-0.0177, +0.0227]    0.3576  
  BF1_spalling         0.6297   0.5923  +0.0374  [-0.0115, +0.0845]    0.1167  
  clDice_crack         0.8551   0.8491  +0.0060  [-0.0164, +0.0268]    0.1375  
  clDice_spalling      0.9217   0.8841  +0.0376  [-0.0073, +0.1066]    0.1823  
  ConnR_crack          0.8909   0.9052  -0.0143  [-0.0703, +0.0326]    0.7532  
  ConnR_spalling       0.8889   0.7778  +0.1111  [-0.0278, +0.2500]    0.1573  

======================================================================
  dkd10_no_srl  vs  dscformer_plain_G0  [Medium]
======================================================================
  metric               mean_A   mean_B     diff  95% CI diff             p-val  sig?
  ----------------------------------------------------------------
  IoU_crack            0.6078   0.5966  +0.0112  [-0.0034, +0.0257]    0.1330  
  IoU_spalling         0.5623   0.5267  +0.0356  [-0.0030, +0.0878]    0.4990  
  Dice_crack           0.7527   0.7428  +0.0098  [-0.0021, +0.0218]    0.1330  
  Dice_spalling        0.6004   0.5601  +0.0403  [-0.0015, +0.1017]    0.4990  
  BF1_crack            0.7600   0.7524  +0.0076  [-0.0066, +0.0216]    0.3989  
  BF1_spalling         0.8090   0.7950  +0.0140  [-0.0568, +0.0935]    1.0000  
  clDice_crack         0.8517   0.8307  +0.0210  [+0.0071, +0.0344]    0.0009 *
  clDice_spalling      0.9579   0.9145  +0.0434  [-0.0118, +0.1447]    0.6858  
  ConnR_crack          0.8168   0.8301  -0.0133  [-0.0382, +0.0095]    0.3444  
  ConnR_spalling       0.6667   0.6667  +0.0000  [+0.0000, +0.0000]    1.0000  

======================================================================
  dkd10_no_srl  vs  dscformer_plain_G0  [Hard]
======================================================================
  metric               mean_A   mean_B     diff  95% CI diff             p-val  sig?
  ----------------------------------------------------------------
  IoU_crack            0.5379   0.5277  +0.0102  [+0.0042, +0.0163]    0.0026 *
  IoU_spalling         0.7465   0.7096  +0.0369  [-0.0095, +0.1014]    0.3750  
  Dice_crack           0.6949   0.6865  +0.0084  [+0.0031, +0.0140]    0.0042 *
  Dice_spalling        0.8300   0.7812  +0.0488  [-0.0083, +0.1428]    0.3750  
  BF1_crack            0.7582   0.7518  +0.0064  [+0.0005, +0.0121]    0.0450 *
  BF1_spalling         0.7234   0.7011  +0.0222  [-0.0259, +0.0664]    0.3008  
  clDice_crack         0.7936   0.7775  +0.0161  [+0.0105, +0.0218]    0.0000 *
  clDice_spalling      0.9165   0.9052  +0.0113  [-0.0145, +0.0417]    0.2489  
  ConnR_crack          0.7614   0.7849  -0.0235  [-0.0412, -0.0069]    0.0180 *
  ConnR_spalling       0.9000   0.8500  +0.0500  [+0.0000, +0.1500]    0.3173  

[stats] Saved: results/w1/stats_significance_test.json
